Component: ARM Compiler 5.06 update 6 (build 750) Tool: armlink [4d35ed]

==============================================================================

Section Cross References

    startup_stm32f103xb.o(STACK) refers (Special) to heapauxi.o(.text) for __use_two_region_memory
    startup_stm32f103xb.o(HEAP) refers (Special) to heapauxi.o(.text) for __use_two_region_memory
    startup_stm32f103xb.o(RESET) refers (Special) to heapauxi.o(.text) for __use_two_region_memory
    startup_stm32f103xb.o(RESET) refers to startup_stm32f103xb.o(STACK) for __initial_sp
    startup_stm32f103xb.o(RESET) refers to startup_stm32f103xb.o(.text) for Reset_Handler
    startup_stm32f103xb.o(RESET) refers to stm32f1xx_it.o(i.NMI_Handler) for NMI_Handler
    startup_stm32f103xb.o(RESET) refers to stm32f1xx_it.o(i.HardFault_Handler) for HardFault_Handler
    startup_stm32f103xb.o(RESET) refers to stm32f1xx_it.o(i.MemManage_Handler) for MemManage_Handler
    startup_stm32f103xb.o(RESET) refers to stm32f1xx_it.o(i.BusFault_Handler) for BusFault_Handler
    startup_stm32f103xb.o(RESET) refers to stm32f1xx_it.o(i.UsageFault_Handler) for UsageFault_Handler
    startup_stm32f103xb.o(RESET) refers to port.o(.emb_text) for SVC_Handler
    startup_stm32f103xb.o(RESET) refers to stm32f1xx_it.o(i.DebugMon_Handler) for DebugMon_Handler
    startup_stm32f103xb.o(RESET) refers to port.o(i.SysTick_Handler) for SysTick_Handler
    startup_stm32f103xb.o(RESET) refers to stm32f1xx_it.o(i.TIM1_UP_IRQHandler) for TIM1_UP_IRQHandler
    startup_stm32f103xb.o(RESET) refers to stm32f1xx_it.o(i.TIM4_IRQHandler) for TIM4_IRQHandler
    startup_stm32f103xb.o(.text) refers (Special) to heapauxi.o(.text) for __use_two_region_memory
    startup_stm32f103xb.o(.text) refers to system_stm32f1xx.o(i.SystemInit) for SystemInit
    startup_stm32f103xb.o(.text) refers to __main.o(!!!main) for __main
    startup_stm32f103xb.o(.text) refers to startup_stm32f103xb.o(HEAP) for Heap_Mem
    startup_stm32f103xb.o(.text) refers to startup_stm32f103xb.o(STACK) for Stack_Mem
    fatfs_sd.o(i.DESELECT) refers to stm32f1xx_hal_gpio.o(i.HAL_GPIO_WritePin) for HAL_GPIO_WritePin
    fatfs_sd.o(i.DESELECT) refers to stm32f1xx_hal.o(i.HAL_Delay) for HAL_Delay
    fatfs_sd.o(i.SD_PowerOn) refers to fatfs_sd.o(i.DESELECT) for DESELECT
    fatfs_sd.o(i.SD_PowerOn) refers to fatfs_sd.o(i.SPI_TxByte) for SPI_TxByte
    fatfs_sd.o(i.SD_PowerOn) refers to fatfs_sd.o(i.SELECT) for SELECT
    fatfs_sd.o(i.SD_PowerOn) refers to fatfs_sd.o(i.SPI_TxBuffer) for SPI_TxBuffer
    fatfs_sd.o(i.SD_PowerOn) refers to fatfs_sd.o(i.SPI_RxByte) for SPI_RxByte
    fatfs_sd.o(i.SD_PowerOn) refers to fatfs_sd.o(.data) for .data
    fatfs_sd.o(i.SD_ReadyWait) refers to fatfs_sd.o(i.SPI_RxByte) for SPI_RxByte
    fatfs_sd.o(i.SD_ReadyWait) refers to main.o(.data) for Timer2
    fatfs_sd.o(i.SD_RxDataBlock) refers to fatfs_sd.o(i.SPI_RxByte) for SPI_RxByte
    fatfs_sd.o(i.SD_RxDataBlock) refers to main.o(.data) for Timer1
    fatfs_sd.o(i.SD_SendCmd) refers to fatfs_sd.o(i.SD_ReadyWait) for SD_ReadyWait
    fatfs_sd.o(i.SD_SendCmd) refers to fatfs_sd.o(i.SPI_TxByte) for SPI_TxByte
    fatfs_sd.o(i.SD_SendCmd) refers to fatfs_sd.o(i.SPI_RxByte) for SPI_RxByte
    fatfs_sd.o(i.SD_TxDataBlock) refers to fatfs_sd.o(i.SD_ReadyWait) for SD_ReadyWait
    fatfs_sd.o(i.SD_TxDataBlock) refers to fatfs_sd.o(i.SPI_TxByte) for SPI_TxByte
    fatfs_sd.o(i.SD_TxDataBlock) refers to fatfs_sd.o(i.SPI_TxBuffer) for SPI_TxBuffer
    fatfs_sd.o(i.SD_TxDataBlock) refers to fatfs_sd.o(i.SPI_RxByte) for SPI_RxByte
    fatfs_sd.o(i.SD_disk_initialize) refers to fatfs_sd.o(i.SD_PowerOn) for SD_PowerOn
    fatfs_sd.o(i.SD_disk_initialize) refers to fatfs_sd.o(i.SELECT) for SELECT
    fatfs_sd.o(i.SD_disk_initialize) refers to fatfs_sd.o(i.SD_SendCmd) for SD_SendCmd
    fatfs_sd.o(i.SD_disk_initialize) refers to fatfs_sd.o(i.SPI_RxByte) for SPI_RxByte
    fatfs_sd.o(i.SD_disk_initialize) refers to fatfs_sd.o(i.DESELECT) for DESELECT
    fatfs_sd.o(i.SD_disk_initialize) refers to fatfs_sd.o(.data) for .data
    fatfs_sd.o(i.SD_disk_initialize) refers to main.o(.data) for Timer1
    fatfs_sd.o(i.SD_disk_ioctl) refers to fatfs_sd.o(i.SD_PowerOn) for SD_PowerOn
    fatfs_sd.o(i.SD_disk_ioctl) refers to fatfs_sd.o(i.SELECT) for SELECT
    fatfs_sd.o(i.SD_disk_ioctl) refers to fatfs_sd.o(i.SD_SendCmd) for SD_SendCmd
    fatfs_sd.o(i.SD_disk_ioctl) refers to fatfs_sd.o(i.SD_RxDataBlock) for SD_RxDataBlock
    fatfs_sd.o(i.SD_disk_ioctl) refers to fatfs_sd.o(i.SD_ReadyWait) for SD_ReadyWait
    fatfs_sd.o(i.SD_disk_ioctl) refers to fatfs_sd.o(i.SPI_RxByte) for SPI_RxByte
    fatfs_sd.o(i.SD_disk_ioctl) refers to fatfs_sd.o(i.DESELECT) for DESELECT
    fatfs_sd.o(i.SD_disk_ioctl) refers to fatfs_sd.o(.data) for .data
    fatfs_sd.o(i.SD_disk_read) refers to fatfs_sd.o(i.SELECT) for SELECT
    fatfs_sd.o(i.SD_disk_read) refers to fatfs_sd.o(i.SD_SendCmd) for SD_SendCmd
[...]
    EXTI9_5_IRQHandler                       0x0800025b   Thumb Code     0  startup_stm32f103xb.o(.text)
    FLASH_IRQHandler                         0x0800025b   Thumb Code     0  startup_stm32f103xb.o(.text)
    I2C1_ER_IRQHandler                       0x0800025b   Thumb Code     0  startup_stm32f103xb.o(.text)
    I2C1_EV_IRQHandler                       0x0800025b   Thumb Code     0  startup_stm32f103xb.o(.text)
    I2C2_ER_IRQHandler                       0x0800025b   Thumb Code     0  startup_stm32f103xb.o(.text)
    I2C2_EV_IRQHandler                       0x0800025b   Thumb Code     0  startup_stm32f103xb.o(.text)
    PVD_IRQHandler                           0x0800025b   Thumb Code     0  startup_stm32f103xb.o(.text)
    RCC_IRQHandler                           0x0800025b   Thumb Code     0  startup_stm32f103xb.o(.text)
    RTC_Alarm_IRQHandler                     0x0800025b   Thumb Code     0  startup_stm32f103xb.o(.text)
    RTC_IRQHandler                           0x0800025b   Thumb Code     0  startup_stm32f103xb.o(.text)
    SPI1_IRQHandler                          0x0800025b   Thumb Code     0  startup_stm32f103xb.o(.text)
    SPI2_IRQHandler                          0x0800025b   Thumb Code     0  startup_stm32f103xb.o(.text)
    TAMPER_IRQHandler                        0x0800025b   Thumb Code     0  startup_stm32f103xb.o(.text)
    TIM1_BRK_IRQHandler                      0x0800025b   Thumb Code     0  startup_stm32f103xb.o(.text)
    TIM1_CC_IRQHandler                       0x0800025b   Thumb Code     0  startup_stm32f103xb.o(.text)
    TIM1_TRG_COM_IRQHandler                  0x0800025b   Thumb Code     0  startup_stm32f103xb.o(.text)
    TIM2_IRQHandler                          0x0800025b   Thumb Code     0  startup_stm32f103xb.o(.text)
    TIM3_IRQHandler                          0x0800025b   Thumb Code     0  startup_stm32f103xb.o(.text)
    USART1_IRQHandler                        0x0800025b   Thumb Code     0  startup_stm32f103xb.o(.text)
    USART2_IRQHandler                        0x0800025b   Thumb Code     0  startup_stm32f103xb.o(.text)
    USART3_IRQHandler                        0x0800025b   Thumb Code     0  startup_stm32f103xb.o(.text)
    USBWakeUp_IRQHandler                     0x0800025b   Thumb Code     0  startup_stm32f103xb.o(.text)
    USB_HP_CAN1_TX_IRQHandler                0x0800025b   Thumb Code     0  startup_stm32f103xb.o(.text)
    USB_LP_CAN1_RX0_IRQHandler               0x0800025b   Thumb Code     0  startup_stm32f103xb.o(.text)
    WWDG_IRQHandler                          0x0800025b   Thumb Code     0  startup_stm32f103xb.o(.text)
    __user_initial_stackheap                 0x0800025d   Thumb Code     0  startup_stm32f103xb.o(.text)
    __aeabi_llsr                             0x08000281   Thumb Code     0  llushr.o(.text)
    _ll_ushift_r                             0x08000281   Thumb Code    38  llushr.o(.text)
    __2sprintf                               0x080002a9   Thumb Code    34  noretval__2sprintf.o(.text)
    _printf_pre_padding                      0x080002d1   Thumb Code    44  _printf_pad.o(.text)
    _printf_post_padding                     0x080002fd   Thumb Code    34  _printf_pad.o(.text)
    _printf_int_dec                          0x08000321   Thumb Code   104  _printf_dec.o(.text)
    __printf                                 0x08000399   Thumb Code   352  __printf_ss_wp.o(.text)
    strlen                                   0x080004f9   Thumb Code    62  strlen.o(.text)
    __aeabi_memcpy                           0x08000537   Thumb Code     0  rt_memcpy_v6.o(.text)
    __rt_memcpy                              0x08000537   Thumb Code   138  rt_memcpy_v6.o(.text)
    _memcpy_lastbytes                        0x0800059d   Thumb Code     0  rt_memcpy_v6.o(.text)
    __aeabi_memcpy4                          0x080005c1   Thumb Code     0  rt_memcpy_w.o(.text)
    __aeabi_memcpy8                          0x080005c1   Thumb Code     0  rt_memcpy_w.o(.text)
    __rt_memcpy_w                            0x080005c1   Thumb Code   100  rt_memcpy_w.o(.text)
    _memcpy_lastbytes_aligned                0x08000609   Thumb Code     0  rt_memcpy_w.o(.text)
    __aeabi_memclr4                          0x08000625   Thumb Code     0  rt_memclr_w.o(.text)
    __aeabi_memclr8                          0x08000625   Thumb Code     0  rt_memclr_w.o(.text)
    __rt_memclr_w                            0x08000625   Thumb Code    78  rt_memclr_w.o(.text)
    _memset_w                                0x08000629   Thumb Code     0  rt_memclr_w.o(.text)
    __use_two_region_memory                  0x08000673   Thumb Code     2  heapauxi.o(.text)
    __rt_heap_escrow$2region                 0x08000675   Thumb Code     2  heapauxi.o(.text)
    __rt_heap_expand$2region                 0x08000677   Thumb Code     2  heapauxi.o(.text)
    _printf_int_common                       0x08000679   Thumb Code   178  _printf_intcommon.o(.text)
    __lib_sel_fp_printf                      0x0800072b   Thumb Code     2  _printf_fp_dec.o(.text)
    _printf_fp_dec_real                      0x080008dd   Thumb Code   620  _printf_fp_dec.o(.text)
    _printf_char_common                      0x08000b53   Thumb Code    32  _printf_char_common.o(.text)
    _sputc                                   0x08000b79   Thumb Code    10  _sputc.o(.text)
    __rt_locale                              0x08000b85   Thumb Code     8  rt_locale_intlibspace.o(.text)
    _ll_udiv10                               0x08000b8d   Thumb Code   138  lludiv10.o(.text)
    _printf_fp_infnan                        0x08000c19   Thumb Code   112  _printf_fp_infnan.o(.text)
    _btod_etento                             0x08000c99   Thumb Code   224  bigflt0.o(.text)
    __user_libspace                          0x08000d7d   Thumb Code     8  libspace.o(.text)
    __user_perproc_libspace                  0x08000d7d   Thumb Code     0  libspace.o(.text)
    __user_perthread_libspace                0x08000d7d   Thumb Code     0  libspace.o(.text)
    __user_setup_stackheap                   0x08000d85   Thumb Code    74  sys_stackheap_outer.o(.text)
    exit                                     0x08000dcf   Thumb Code    18  exit.o(.text)
    strcmp                                   0x08000de1   Thumb Code   128  strcmpv7m.o(.text)
    _sys_exit                                0x08000e61   Thumb Code     8  sys_exit.o(.text)
    __I$use$semihosting                      0x08000e6d   Thumb Code     0  use_no_semi.o(.text)
    __use_no_semihosting_swi                 0x08000e6d   Thumb Code     2  use_no_semi.o(.text)
    __semihosting_library_function           0x08000e6f   Thumb Code     0  indicate_semi.o(.text)
    _btod_d2e                                0x08000e6f   Thumb Code    62  btod.o(CL$$btod_d2e)
    _d2e_denorm_low                          0x08000ead   Thumb Code    70  btod.o(CL$$btod_d2e_denorm_low)
    _d2e_norm_op1                            0x08000ef3   Thumb Code    96  btod.o(CL$$btod_d2e_norm_op1)
    __btod_div_common                        0x08000f53   Thumb Code   696  btod.o(CL$$btod_div_common)
    _e2e                                     0x0800128b   Thumb Code   220  btod.o(CL$$btod_e2e)
    _btod_ediv                               0x08001367   Thumb Code    42  btod.o(CL$$btod_ediv)
    _btod_emul                               0x08001391   Thumb Code    42  btod.o(CL$$btod_emul)
    __btod_mult_common                       0x080013bb   Thumb Code   580  btod.o(CL$$btod_mult_common)
    BusFault_Handler                         0x080015ff   Thumb Code     2  stm32f1xx_it.o(i.BusFault_Handler)
    CLCD_I2C_Init                            0x08001601   Thumb Code   162  clcd_i2c.o(i.CLCD_I2C_Init)
    CLCD_I2C_SetCursor                       0x080016a3   Thumb Code    68  clcd_i2c.o(i.CLCD_I2C_SetCursor)
    CLCD_I2C_WriteChar                       0x080016e7   Thumb Code     6  clcd_i2c.o(i.CLCD_I2C_WriteChar)
    CLCD_I2C_WriteString                     0x080016ed   Thumb Code    24  clcd_i2c.o(i.CLCD_I2C_WriteString)
    Convert_data                             0x08001771   Thumb Code    56  main.o(i.Convert_data)
    DC_motor_Enable                          0x080017bd   Thumb Code    26  dc_motor.o(i.DC_motor_Enable)
    DC_motor_PWM                             0x080017dd   Thumb Code    22  dc_motor.o(i.DC_motor_PWM)
    DC_motor_Speed_Based_on_Temp             0x080017f5   Thumb Code    34  dc_motor.o(i.DC_motor_Speed_Based_on_Temp)
    DebugMon_Handler                         0x0800183d   Thumb Code     2  stm32f1xx_it.o(i.DebugMon_Handler)
    Ds18b20_Init                             0x08001841   Thumb Code    76  ds18b20.o(i.Ds18b20_Init)
    Ds18b20_NhietDo                          0x08001891   Thumb Code   100  ds18b20.o(i.Ds18b20_NhietDo)
    Ds18b20_Read1Bit                         0x080018f5   Thumb Code    72  ds18b20.o(i.Ds18b20_Read1Bit)
    Ds18b20_ReadData                         0x08001941   Thumb Code    28  ds18b20.o(i.Ds18b20_ReadData)
    Ds18b20_Write1Bit                        0x0800195d   Thumb Code    70  ds18b20.o(i.Ds18b20_Write1Bit)
    Ds18b20_WriteCommand                     0x080019a9   Thumb Code    24  ds18b20.o(i.Ds18b20_WriteCommand)
    Error_Handler                            0x080019c1   Thumb Code    10  main.o(i.Error_Handler)
    FATFS_LinkDriver                         0x080019e1   Thumb Code     6  ff_gen_drv.o(i.FATFS_LinkDriver)
    FATFS_LinkDriverEx                       0x080019e9   Thumb Code    60  ff_gen_drv.o(i.FATFS_LinkDriverEx)
    FLASH_ErasePage                          0x08001a29   Thumb Code    36  flash.o(i.FLASH_ErasePage)
    FLASH_PageErase                          0x08001a71   Thumb Code    28  stm32f1xx_hal_flash_ex.o(i.FLASH_PageErase)
    FLASH_Read1Byte                          0x08001ab1   Thumb Code     6  flash.o(i.FLASH_Read1Byte)
    FLASH_ReadWorld                          0x08001ab7   Thumb Code    26  flash.o(i.FLASH_ReadWorld)
    FLASH_WaitForLastOperation               0x08001b2d   Thumb Code    80  stm32f1xx_hal_flash.o(i.FLASH_WaitForLastOperation)
    FLASH_WriteArray                         0x08001b81   Thumb Code    38  flash.o(i.FLASH_WriteArray)
    FLASH_WriteHalfWord                      0x08001ba7   Thumb Code    30  flash.o(i.FLASH_WriteHalfWord)
    FLASH_WriteWord                          0x08001bc5   Thumb Code    30  flash.o(i.FLASH_WriteWord)
    GPIO_Input                               0x08001be3   Thumb Code    22  main.o(i.GPIO_Input)
    GPIO_Output                              0x08001bf9   Thumb Code    24  main.o(i.GPIO_Output)
    HAL_Delay                                0x08001c11   Thumb Code    32  stm32f1xx_hal.o(i.HAL_Delay)
    HAL_FLASHEx_Erase                        0x08001c35   Thumb Code   160  stm32f1xx_hal_flash_ex.o(i.HAL_FLASHEx_Erase)
    HAL_FLASH_Lock                           0x08001cdd   Thumb Code    14  stm32f1xx_hal_flash.o(i.HAL_FLASH_Lock)
    HAL_FLASH_Program                        0x08001cf1   Thumb Code   120  stm32f1xx_hal_flash.o(i.HAL_FLASH_Program)
    HAL_FLASH_Unlock                         0x08001d71   Thumb Code    28  stm32f1xx_hal_flash.o(i.HAL_FLASH_Unlock)
    HAL_GPIO_Init                            0x08001d99   Thumb Code   446  stm32f1xx_hal_gpio.o(i.HAL_GPIO_Init)
    HAL_GPIO_ReadPin                         0x08001f79   Thumb Code    10  stm32f1xx_hal_gpio.o(i.HAL_GPIO_ReadPin)
    HAL_GPIO_WritePin                        0x08001f83   Thumb Code    10  stm32f1xx_hal_gpio.o(i.HAL_GPIO_WritePin)
    HAL_GetTick                              0x08001f8d   Thumb Code     6  stm32f1xx_hal.o(i.HAL_GetTick)
    HAL_I2C_Init                             0x08001f99   Thumb Code   376  stm32f1xx_hal_i2c.o(i.HAL_I2C_Init)
    HAL_I2C_Master_Transmit                  0x08002121   Thumb Code   290  stm32f1xx_hal_i2c.o(i.HAL_I2C_Master_Transmit)
    HAL_I2C_MspInit                          0x0800224d   Thumb Code    80  stm32f1xx_hal_msp.o(i.HAL_I2C_MspInit)
    HAL_IWDG_Init                            0x080022a9   Thumb Code    90  stm32f1xx_hal_iwdg.o(i.HAL_IWDG_Init)
    HAL_IWDG_Refresh                         0x08002303   Thumb Code    12  stm32f1xx_hal_iwdg.o(i.HAL_IWDG_Refresh)
    HAL_IncTick                              0x08002311   Thumb Code    12  stm32f1xx_hal.o(i.HAL_IncTick)
    HAL_Init                                 0x08002321   Thumb Code    32  stm32f1xx_hal.o(i.HAL_Init)
    HAL_InitTick                             0x08002345   Thumb Code   118  stm32f1xx_hal_timebase_tim.o(i.HAL_InitTick)
    HAL_MspInit                              0x080023d1   Thumb Code    62  stm32f1xx_hal_msp.o(i.HAL_MspInit)
    HAL_NVIC_EnableIRQ                       0x08002419   Thumb Code    26  stm32f1xx_hal_cortex.o(i.HAL_NVIC_EnableIRQ)
    HAL_NVIC_SetPriority                     0x08002435   Thumb Code    60  stm32f1xx_hal_cortex.o(i.HAL_NVIC_SetPriority)
    HAL_NVIC_SetPriorityGrouping             0x08002475   Thumb Code    26  stm32f1xx_hal_cortex.o(i.HAL_NVIC_SetPriorityGrouping)
    HAL_RCC_ClockConfig                      0x08002499   Thumb Code   280  stm32f1xx_hal_rcc.o(i.HAL_RCC_ClockConfig)
    HAL_RCC_GetClockConfig                   0x080025c5   Thumb Code    54  stm32f1xx_hal_rcc.o(i.HAL_RCC_GetClockConfig)
    HAL_RCC_GetPCLK1Freq                     0x08002605   Thumb Code    20  stm32f1xx_hal_rcc.o(i.HAL_RCC_GetPCLK1Freq)
    HAL_RCC_GetPCLK2Freq                     0x08002625   Thumb Code    20  stm32f1xx_hal_rcc.o(i.HAL_RCC_GetPCLK2Freq)
    HAL_RCC_GetSysClockFreq                  0x08002645   Thumb Code    74  stm32f1xx_hal_rcc.o(i.HAL_RCC_GetSysClockFreq)
    HAL_RCC_OscConfig                        0x080026b1   Thumb Code   778  stm32f1xx_hal_rcc.o(i.HAL_RCC_OscConfig)
    HAL_SPI_Init                             0x080029d1   Thumb Code   178  stm32f1xx_hal_spi.o(i.HAL_SPI_Init)
    HAL_SPI_MspInit                          0x08002a85   Thumb Code   102  stm32f1xx_hal_msp.o(i.HAL_SPI_MspInit)
    HAL_SPI_Transmit                         0x08002af9   Thumb Code   358  stm32f1xx_hal_spi.o(i.HAL_SPI_Transmit)
    HAL_SPI_TransmitReceive                  0x08002c5f   Thumb Code   482  stm32f1xx_hal_spi.o(i.HAL_SPI_TransmitReceive)
    HAL_TIMEx_BreakCallback                  0x08002e41   Thumb Code     2  stm32f1xx_hal_tim_ex.o(i.HAL_TIMEx_BreakCallback)
    HAL_TIMEx_CommutCallback                 0x08002e43   Thumb Code     2  stm32f1xx_hal_tim_ex.o(i.HAL_TIMEx_CommutCallback)
    HAL_TIMEx_MasterConfigSynchronization    0x08002e45   Thumb Code    92  stm32f1xx_hal_tim_ex.o(i.HAL_TIMEx_MasterConfigSynchronization)
    HAL_TIM_Base_Init                        0x08002ead   Thumb Code    90  stm32f1xx_hal_tim.o(i.HAL_TIM_Base_Init)
    HAL_TIM_Base_MspInit                     0x08002f09   Thumb Code    72  stm32f1xx_hal_msp.o(i.HAL_TIM_Base_MspInit)
    HAL_TIM_Base_Start_IT                    0x08002f59   Thumb Code    76  stm32f1xx_hal_tim.o(i.HAL_TIM_Base_Start_IT)
    HAL_TIM_ConfigClockSource                0x08002fb1   Thumb Code   214  stm32f1xx_hal_tim.o(i.HAL_TIM_ConfigClockSource)
    HAL_TIM_IC_CaptureCallback               0x08003087   Thumb Code     2  stm32f1xx_hal_tim.o(i.HAL_TIM_IC_CaptureCallback)
    HAL_TIM_IRQHandler                       0x08003089   Thumb Code   358  stm32f1xx_hal_tim.o(i.HAL_TIM_IRQHandler)
    HAL_TIM_MspPostInit                      0x080031f1   Thumb Code    62  stm32f1xx_hal_msp.o(i.HAL_TIM_MspPostInit)
    HAL_TIM_OC_DelayElapsedCallback          0x0800323d   Thumb Code     2  stm32f1xx_hal_tim.o(i.HAL_TIM_OC_DelayElapsedCallback)
    HAL_TIM_PWM_ConfigChannel                0x0800323f   Thumb Code   198  stm32f1xx_hal_tim.o(i.HAL_TIM_PWM_ConfigChannel)
    HAL_TIM_PWM_Init                         0x08003305   Thumb Code    90  stm32f1xx_hal_tim.o(i.HAL_TIM_PWM_Init)
    HAL_TIM_PWM_MspInit                      0x08003361   Thumb Code    30  stm32f1xx_hal_msp.o(i.HAL_TIM_PWM_MspInit)
    HAL_TIM_PWM_PulseFinishedCallback        0x08003389   Thumb Code     2  stm32f1xx_hal_tim.o(i.HAL_TIM_PWM_PulseFinishedCallback)
    HAL_TIM_PWM_Start                        0x0800338d   Thumb Code   144  stm32f1xx_hal_tim.o(i.HAL_TIM_PWM_Start)
    HAL_TIM_PeriodElapsedCallback            0x08003429   Thumb Code    42  main.o(i.HAL_TIM_PeriodElapsedCallback)
    HAL_TIM_TriggerCallback                  0x0800345d   Thumb Code     2  stm32f1xx_hal_tim.o(i.HAL_TIM_TriggerCallback)
    HAL_UART_Init                            0x0800345f   Thumb Code    98  stm32f1xx_hal_uart.o(i.HAL_UART_Init)
    HAL_UART_MspInit                         0x080034c1   Thumb Code   100  stm32f1xx_hal_msp.o(i.HAL_UART_MspInit)
    HAL_UART_Transmit                        0x08003531   Thumb Code   178  stm32f1xx_hal_uart.o(i.HAL_UART_Transmit)
    HardFault_Handler                        0x080035e5   Thumb Code     8  stm32f1xx_it.o(i.HardFault_Handler)
    LCD_Display                              0x08003859   Thumb Code   134  main.o(i.LCD_Display)
    MX_FATFS_Init                            0x08003905   Thumb Code    18  fatfs.o(i.MX_FATFS_Init)
    MemManage_Handler                        0x08003bb1   Thumb Code     2  stm32f1xx_it.o(i.MemManage_Handler)
    NMI_Handler                              0x08003bb3   Thumb Code     2  stm32f1xx_it.o(i.NMI_Handler)
    PWM_Speed                                0x08003bb5   Thumb Code    58  main.o(i.PWM_Speed)
    SD_Timer_Handler                         0x08003d3d   Thumb Code    26  main.o(i.SD_Timer_Handler)
    SD_disk_initialize                       0x08003db9   Thumb Code   308  fatfs_sd.o(i.SD_disk_initialize)
    SD_disk_ioctl                            0x08003ef5   Thumb Code   314  fatfs_sd.o(i.SD_disk_ioctl)
    SD_disk_read                             0x08004035   Thumb Code   146  fatfs_sd.o(i.SD_disk_read)
    SD_disk_status                           0x080040cd   Thumb Code    12  fatfs_sd.o(i.SD_disk_status)
    SD_disk_write                            0x080040dd   Thumb Code   178  fatfs_sd.o(i.SD_disk_write)
    Start_Check_Key_Task                     0x080042f1   Thumb Code   128  main.o(i.Start_Check_Key_Task)
    Start_DC_Motor_Task                      0x08004379   Thumb Code    58  main.o(i.Start_DC_Motor_Task)
    Start_Display_Task                       0x080043b9   Thumb Code    26  main.o(i.Start_Display_Task)
    Start_Flash_Mail_Task                    0x080043d9   Thumb Code    66  main.o(i.Start_Flash_Mail_Task)
    Start_Flash_Msg_Task                     0x08004421   Thumb Code    42  main.o(i.Start_Flash_Msg_Task)
    Start_Nhietdo_Task                       0x08004451   Thumb Code    54  main.o(i.Start_Nhietdo_Task)
    Start_SD_Card_Task                       0x080044a9   Thumb Code   188  main.o(i.Start_SD_Card_Task)
    SysTick_Handler                          0x08004619   Thumb Code    38  port.o(i.SysTick_Handler)
    SystemClock_Config                       0x08004645   Thumb Code    96  main.o(i.SystemClock_Config)
    SystemInit                               0x080046a5   Thumb Code     2  system_stm32f1xx.o(i.SystemInit)
    TIM1_UP_IRQHandler                       0x080046a9   Thumb Code     6  stm32f1xx_it.o(i.TIM1_UP_IRQHandler)
    TIM4_IRQHandler                          0x080046b5   Thumb Code     6  stm32f1xx_it.o(i.TIM4_IRQHandler)
    TIM_Base_SetConfig                       0x080046c1   Thumb Code    94  stm32f1xx_hal_tim.o(i.TIM_Base_SetConfig)
    TIM_CCxChannelCmd                        0x0800472d   Thumb Code    26  stm32f1xx_hal_tim.o(i.TIM_CCxChannelCmd)
    TIM_ETR_SetConfig                        0x08004747   Thumb Code    20  stm32f1xx_hal_tim.o(i.TIM_ETR_SetConfig)
    TIM_OC2_SetConfig                        0x080047bd   Thumb Code    84  stm32f1xx_hal_tim.o(i.TIM_OC2_SetConfig)
    UART_Display                             0x080048f9   Thumb Code    96  main.o(i.UART_Display)
    USER_initialize                          0x08004ab9   Thumb Code     4  user_diskio.o(i.USER_initialize)
    USER_ioctl                               0x08004abd   Thumb Code     4  user_diskio.o(i.USER_ioctl)
    USER_read                                0x08004ac1   Thumb Code     4  user_diskio.o(i.USER_read)
    USER_status                              0x08004ac5   Thumb Code     4  user_diskio.o(i.USER_status)
    USER_write                               0x08004ac9   Thumb Code     4  user_diskio.o(i.USER_write)
    UsageFault_Handler                       0x08004acd   Thumb Code     2  stm32f1xx_it.o(i.UsageFault_Handler)
    __ARM_fpclassify                         0x08004acf   Thumb Code    40  fpclassify.o(i.__ARM_fpclassify)
    _is_digit                                0x08004b17   Thumb Code    14  __printf_wp.o(i._is_digit)
    bufclear                                 0x08004b25   Thumb Code    20  main.o(i.bufclear)
    bufsize                                  0x08004b3d   Thumb Code    18  main.o(i.bufsize)
    clust2sect                               0x08004c7b   Thumb Code    28  ff.o(i.clust2sect)
    delay_us                                 0x08004f7d   Thumb Code    30  main.o(i.delay_us)
    disk_initialize                          0x08005459   Thumb Code    36  diskio.o(i.disk_initialize)
    disk_ioctl                               0x08005481   Thumb Code    24  diskio.o(i.disk_ioctl)
    disk_read                                0x0800549d   Thumb Code    24  diskio.o(i.disk_read)
    disk_status                              0x080054b9   Thumb Code    18  diskio.o(i.disk_status)
    disk_write                               0x080054d1   Thumb Code    24  diskio.o(i.disk_write)
    f_close                                  0x080054ed   Thumb Code    52  ff.o(i.f_close)
    f_lseek                                  0x08005521   Thumb Code   644  ff.o(i.f_lseek)
    f_mount                                  0x080057a5   Thumb Code   132  ff.o(i.f_mount)
    f_open                                   0x0800582d   Thumb Code   508  ff.o(i.f_open)
    f_sync                                   0x08005a2d   Thumb Code   180  ff.o(i.f_sync)
    f_write                                  0x08005ae1   Thumb Code   510  ff.o(i.f_write)
    ff_convert                               0x08005ce1   Thumb Code    52  ccsbcs.o(i.ff_convert)
    ff_cre_syncobj                           0x08005d19   Thumb Code    28  syscall.o(i.ff_cre_syncobj)
    ff_del_syncobj                           0x08005d35   Thumb Code    10  syscall.o(i.ff_del_syncobj)
    ff_rel_grant                             0x08005d3f   Thumb Code     4  syscall.o(i.ff_rel_grant)
    ff_req_grant                             0x08005d43   Thumb Code    20  syscall.o(i.ff_req_grant)
    ff_wtoupper                              0x08005d59   Thumb Code    28  ccsbcs.o(i.ff_wtoupper)
    get_fat                                  0x080060e1   Thumb Code   230  ff.o(i.get_fat)
    get_fattime                              0x080061c7   Thumb Code     4  fatfs.o(i.get_fattime)
    keypad_read                              0x080062ad   Thumb Code   112  keypad.o(i.keypad_read)
    main                                     0x08006341   Thumb Code   546  main.o(i.main)
    osDelay                                  0x08006645   Thumb Code    14  cmsis_os.o(i.osDelay)
    osKernelStart                            0x08006653   Thumb Code    10  cmsis_os.o(i.osKernelStart)
    osMailAlloc                              0x0800665d   Thumb Code    12  cmsis_os.o(i.osMailAlloc)
    osMailCreate                             0x08006669   Thumb Code    92  cmsis_os.o(i.osMailCreate)
    osMailGet                                0x080066c5   Thumb Code   140  cmsis_os.o(i.osMailGet)
    osMailPut                                0x08006755   Thumb Code    88  cmsis_os.o(i.osMailPut)
    osMessageCreate                          0x080067b1   Thumb Code    38  cmsis_os.o(i.osMessageCreate)
    osMessageGet                             0x080067d9   Thumb Code   144  cmsis_os.o(i.osMessageGet)
    osMessagePut                             0x0800686d   Thumb Code    86  cmsis_os.o(i.osMessagePut)
    osPoolAlloc                              0x080068c9   Thumb Code   106  cmsis_os.o(i.osPoolAlloc)
    osPoolCreate                             0x08006933   Thumb Code    94  cmsis_os.o(i.osPoolCreate)
    osSemaphoreCreate                        0x08006991   Thumb Code    62  cmsis_os.o(i.osSemaphoreCreate)
    osSemaphoreDelete                        0x080069cf   Thumb Code    24  cmsis_os.o(i.osSemaphoreDelete)
    osSemaphoreRelease                       0x080069e9   Thumb Code    74  cmsis_os.o(i.osSemaphoreRelease)
    osSemaphoreWait                          0x08006a39   Thumb Code    96  cmsis_os.o(i.osSemaphoreWait)
    osThreadCreate                           0x08006a9d   Thumb Code    84  cmsis_os.o(i.osThreadCreate)
    put_fat                                  0x08006f63   Thumb Code   286  ff.o(i.put_fat)
    pvPortMalloc                             0x08007081   Thumb Code   210  heap_4.o(i.pvPortMalloc)
    pvTaskIncrementMutexHeldCount            0x08007159   Thumb Code    18  tasks.o(i.pvTaskIncrementMutexHeldCount)
    pxPortInitialiseStack                    0x08007171   Thumb Code    32  port.o(i.pxPortInitialiseStack)
    send_uart                                0x080071fd   Thumb Code    26  main.o(i.send_uart)
    uxListRemove                             0x08007361   Thumb Code    38  list.o(i.uxListRemove)
    vApplicationGetIdleTaskMemory            0x08007389   Thumb Code    16  freertos.o(i.vApplicationGetIdleTaskMemory)
    vListInitialise                          0x0800739d   Thumb Code    22  list.o(i.vListInitialise)
    vListInitialiseItem                      0x080073b3   Thumb Code     6  list.o(i.vListInitialiseItem)
    vListInsert                              0x080073b9   Thumb Code    48  list.o(i.vListInsert)
    vListInsertEnd                           0x080073e9   Thumb Code    24  list.o(i.vListInsertEnd)
    vPortEnterCritical                       0x08007401   Thumb Code    54  port.o(i.vPortEnterCritical)
    vPortExitCritical                        0x08007441   Thumb Code    34  port.o(i.vPortExitCritical)
    vPortFree                                0x08007469   Thumb Code    88  heap_4.o(i.vPortFree)
    vPortSetupTimerInterrupt                 0x080074c5   Thumb Code    32  port.o(i.vPortSetupTimerInterrupt)
    vPortValidateInterruptPriority           0x080074e9   Thumb Code    74  port.o(i.vPortValidateInterruptPriority)
    vQueueDelete                             0x0800753d   Thumb Code    46  queue.o(i.vQueueDelete)
    vQueueUnregisterQueue                    0x0800756d   Thumb Code    36  queue.o(i.vQueueUnregisterQueue)
    vTaskDelay                               0x08007595   Thumb Code    66  tasks.o(i.vTaskDelay)
    vTaskInternalSetTimeOutState             0x080075e1   Thumb Code    12  tasks.o(i.vTaskInternalSetTimeOutState)
    vTaskMissedYield                         0x080075f1   Thumb Code     8  tasks.o(i.vTaskMissedYield)
    vTaskPlaceOnEventList                    0x080075fd   Thumb Code    44  tasks.o(i.vTaskPlaceOnEventList)
    vTaskPriorityDisinheritAfterTimeout      0x0800762d   Thumb Code   160  tasks.o(i.vTaskPriorityDisinheritAfterTimeout)
    vTaskStartScheduler                      0x080076d5   Thumb Code    90  tasks.o(i.vTaskStartScheduler)
    vTaskSuspendAll                          0x08007741   Thumb Code    10  tasks.o(i.vTaskSuspendAll)
    vTaskSwitchContext                       0x08007751   Thumb Code    82  tasks.o(i.vTaskSwitchContext)
    xPortStartScheduler                      0x080077e9   Thumb Code   154  port.o(i.xPortStartScheduler)
    xQueueGenericCreate                      0x08007891   Thumb Code    72  queue.o(i.xQueueGenericCreate)
    xQueueGenericCreateStatic                0x080078d9   Thumb Code   102  queue.o(i.xQueueGenericCreateStatic)
    xQueueGenericReset                       0x08007941   Thumb Code   132  queue.o(i.xQueueGenericReset)
    xQueueGenericSend                        0x080079c9   Thumb Code   346  queue.o(i.xQueueGenericSend)
    xQueueGenericSendFromISR                 0x08007b29   Thumb Code   188  queue.o(i.xQueueGenericSendFromISR)
    xQueueGiveFromISR                        0x08007be5   Thumb Code   156  queue.o(i.xQueueGiveFromISR)
    xQueueReceive                            0x08007c81   Thumb Code   308  queue.o(i.xQueueReceive)
    xQueueReceiveFromISR                     0x08007db9   Thumb Code   154  queue.o(i.xQueueReceiveFromISR)
    xQueueSemaphoreTake                      0x08007e55   Thumb Code   372  queue.o(i.xQueueSemaphoreTake)
    xTaskCheckForTimeOut                     0x08007fcd   Thumb Code   112  tasks.o(i.xTaskCheckForTimeOut)
    xTaskCreate                              0x08008041   Thumb Code    90  tasks.o(i.xTaskCreate)
    xTaskCreateStatic                        0x0800809b   Thumb Code    86  tasks.o(i.xTaskCreateStatic)
    xTaskGetSchedulerState                   0x080080f1   Thumb Code    22  tasks.o(i.xTaskGetSchedulerState)
    xTaskIncrementTick                       0x0800810d   Thumb Code   192  tasks.o(i.xTaskIncrementTick)
    xTaskPriorityDisinherit                  0x080081d5   Thumb Code   144  tasks.o(i.xTaskPriorityDisinherit)
    xTaskPriorityInherit                     0x0800826d   Thumb Code   138  tasks.o(i.xTaskPriorityInherit)
    xTaskRemoveFromEventList                 0x08008301   Thumb Code   108  tasks.o(i.xTaskRemoveFromEventList)
    xTaskResumeAll                           0x08008375   Thumb Code   182  tasks.o(i.xTaskResumeAll)
    _get_lc_numeric                          0x08008439   Thumb Code    44  lc_numeric_c.o(locale$$code)
    __fpl_dretinf                            0x08008465   Thumb Code    12  dretinf.o(x$fpl$dretinf)
    __aeabi_f2d                              0x08008471   Thumb Code     0  f2d.o(x$fpl$f2d)
    _f2d                                     0x08008471   Thumb Code    86  f2d.o(x$fpl$f2d)
    __aeabi_fadd                             0x080084c9   Thumb Code     0  faddsub_clz.o(x$fpl$fadd)
    _fadd                                    0x080084c9   Thumb Code   196  faddsub_clz.o(x$fpl$fadd)
    __fpl_fcheck_NaN1                        0x0800858d   Thumb Code     6  fcheck1.o(x$fpl$fcheck1)
    __aeabi_f2uiz                            0x08008599   Thumb Code     0  ffixu.o(x$fpl$ffixu)
    _ffixu                                   0x08008599   Thumb Code    62  ffixu.o(x$fpl$ffixu)
    __aeabi_ui2f                             0x080085d9   Thumb Code     0  fflt_clz.o(x$fpl$ffltu)
    _ffltu                                   0x080085d9   Thumb Code    38  fflt_clz.o(x$fpl$ffltu)
    __fpl_fnaninf                            0x080085ff   Thumb Code   140  fnaninf.o(x$fpl$fnaninf)
    __fpl_fretinf                            0x0800868b   Thumb Code    10  fretinf.o(x$fpl$fretinf)
    __aeabi_fsub                             0x08008695   Thumb Code     0  faddsub_clz.o(x$fpl$fsub)
    _fsub                                    0x08008695   Thumb Code   234  faddsub_clz.o(x$fpl$fsub)
    _printf_fp_dec                           0x0800877f   Thumb Code     4  printf1.o(x$fpl$printf1)
    __fpl_return_NaN                         0x08008783   Thumb Code   100  retnan.o(x$fpl$retnan)
    __ARM_scalbnf                            0x080087e7   Thumb Code    76  scalbnf.o(x$fpl$scalbnf)
    __fpl_cmpreturn                          0x08008833   Thumb Code    48  trapv.o(x$fpl$trapveneer)
    __I$use$fp                               0x08008862   Number         0  usenofp.o(x$fpl$usenofp)
    AHBPrescTable                            0x08008944   Data          16  system_stm32f1xx.o(.constdata)
    APBPrescTable                            0x08008954   Data           8  system_stm32f1xx.o(.constdata)
    Region$$Table$$Base                      0x08008fe8   Number         0  anon$$obj.o(Region$$Table)
    Region$$Table$$Limit                     0x08009008   Number         0  anon$$obj.o(Region$$Table)
    temp_min                                 0x20000004   Data           4  main.o(.data)
    temp_max                                 0x20000008   Data           4  main.o(.data)
    mode                                     0x2000000c   Data           1  main.o(.data)
    on                                       0x2000000d   Data           1  main.o(.data)
    keypad_speed                             0x2000000e   Data           1  main.o(.data)
    key                                      0x2000000f   Data           1  main.o(.data)
    FatFs_Cnt                                0x20000010   Data           1  main.o(.data)
    fresult                                  0x20000011   Data           1  main.o(.data)
    Timer1                                   0x20000012   Data           2  main.o(.data)
    Timer2                                   0x20000014   Data           2  main.o(.data)
    tempVal                                  0x20000016   Data           3  main.o(.data)
    current_speed                            0x2000001c   Data           4  main.o(.data)
    count                                    0x20000020   Data           4  main.o(.data)
    page_127_addr                            0x20000024   Data           4  main.o(.data)
    page_126_addr                            0x20000028   Data           4  main.o(.data)
    file_name                                0x2000002c   Data           4  main.o(.data)
    Display_TaskHandle                       0x20000030   Data           4  main.o(.data)
    Check_Key_TaskHandle                     0x20000034   Data           4  main.o(.data)
    Nhietdo_TaskHandle                       0x20000038   Data           4  main.o(.data)
    SD_Card_TaskHandle                       0x2000003c   Data           4  main.o(.data)
    DC_Motor_TaskHandle                      0x20000040   Data           4  main.o(.data)
    Flash_Mail_TaskHandle                    0x20000044   Data           4  main.o(.data)
    Flash_Msg_TaskHandle                     0x20000048   Data           4  main.o(.data)
    Mail_QueueHandle                         0x2000004c   Data           4  main.o(.data)
    Msg_QueueHandle                          0x20000050   Data           4  main.o(.data)
    DC_Motor_SemHandle                       0x20000054   Data           4  main.o(.data)
    bw                                       0x20000058   Data           4  main.o(.data)
    Ds18b20_temp                             0x2000005c   Data           4  main.o(.data)
    speedVal                                 0x20000060   Data           4  main.o(.data)
    USER_Driver                              0x20000064   Data          20  user_diskio.o(.data)
    retUSER                                  0x20000078   Data           1  fatfs.o(.data)
    USERPath                                 0x20000079   Data           4  fatfs.o(.data)
    uwTickFreq                               0x20000080   Data           1  stm32f1xx_hal.o(.data)
    uwTickPrio                               0x20000084   Data           4  stm32f1xx_hal.o(.data)
    uwTick                                   0x20000088   Data           4  stm32f1xx_hal.o(.data)
    SystemCoreClock                          0x2000008c   Data           4  system_stm32f1xx.o(.data)
    pxCurrentTCB                             0x20000098   Data           4  tasks.o(.data)
    hi2c1                                    0x200000f8   Data          84  main.o(.bss)
    hiwdg                                    0x2000014c   Data          12  main.o(.bss)
    hspi2                                    0x20000158   Data          88  main.o(.bss)
    htim2                                    0x200001b0   Data          72  main.o(.bss)
    htim3                                    0x200001f8   Data          72  main.o(.bss)
    htim4                                    0x20000240   Data          72  main.o(.bss)
    huart1                                   0x20000288   Data          68  main.o(.bss)
    fs                                       0x200002cc   Data        4148  main.o(.bss)
    fil                                      0x20001300   Data        4140  main.o(.bss)
    LCD1                                     0x2000232c   Data          12  main.o(.bss)
    buffer                                   0x20002338   Data        1024  main.o(.bss)
    htim1                                    0x2000298c   Data          72  stm32f1xx_hal_timebase_tim.o(.bss)
    pFlash                                   0x200029d8   Data          32  stm32f1xx_hal_flash.o(.bss)
    disk                                     0x20002a10   Data          12  ff_gen_drv.o(.bss)
    xQueueRegistry                           0x20002a1c   Data          64  queue.o(.bss)
    __libspace_start                         0x2000434c   Data          96  libspace.o(.bss)
    __temporary_stack_top$libspace           0x200043ac   Data           0  libspace.o(.bss)



==============================================================================

Memory Map of the image

  Image Entry point : 0x080000ed

  Load Region LR_IROM1 (Base: 0x08000000, Size: 0x0000911c, Max: 0x00010000, ABSOLUTE)

    Execution Region ER_IROM1 (Exec base: 0x08000000, Load base: 0x08000000, Size: 0x00009024, Max: 0x00010000, ABSOLUTE)

    Exec Addr    Load Addr    Size         Type   Attr      Idx    E Section Name        Object

    0x08000000   0x08000000   0x000000ec   Data   RO            3    RESET               startup_stm32f103xb.o
    0x080000ec   0x080000ec   0x00000008   Code   RO         6257  * !!!main             c_w.l(__main.o)
    0x080000f4   0x080000f4   0x00000034   Code   RO         6505    !!!scatter          c_w.l(__scatter.o)
    0x08000128   0x08000128   0x0000001a   Code   RO         6507    !!handler_copy      c_w.l(__scatter_copy.o)
    0x08000142   0x08000142   0x00000002   PAD
    0x08000144   0x08000144   0x0000001c   Code   RO         6509    !!handler_zi        c_w.l(__scatter_zi.o)
    0x08000160   0x08000160   0x00000000   Code   RO         6244    .ARM.Collect$$_printf_percent$$00000000  c_w.l(_printf_percent.o)
    0x08000160   0x08000160   0x00000006   Code   RO         6243    .ARM.Collect$$_printf_percent$$00000003  c_w.l(_printf_f.o)
    0x08000166   0x08000166   0x00000006   Code   RO         6242    .ARM.Collect$$_printf_percent$$00000009  c_w.l(_printf_d.o)
    0x0800016c   0x0800016c   0x00000004   Code   RO         6290    .ARM.Collect$$_printf_percent$$00000017  c_w.l(_printf_percent_end.o)
    0x08000170   0x08000170   0x00000002   Code   RO         6376    .ARM.Collect$$libinit$$00000000  c_w.l(libinit.o)
    0x08000172   0x08000172   0x00000000   Code   RO         6378    .ARM.Collect$$libinit$$00000002  c_w.l(libinit2.o)
    0x08000172   0x08000172   0x00000000   Code   RO         6380    .ARM.Collect$$libinit$$00000004  c_w.l(libinit2.o)
    0x08000172   0x08000172   0x00000000   Code   RO         6383    .ARM.Collect$$libinit$$0000000A  c_w.l(libinit2.o)
    0x08000172   0x08000172   0x00000000   Code   RO         6385    .ARM.Collect$$libinit$$0000000C  c_w.l(libinit2.o)
    0x08000172   0x08000172   0x00000000   Code   RO         6387    .ARM.Collect$$libinit$$0000000E  c_w.l(libinit2.o)
    0x08000172   0x08000172   0x00000006   Code   RO         6388    .ARM.Collect$$libinit$$0000000F  c_w.l(libinit2.o)
    0x08000178   0x08000178   0x00000000   Code   RO         6390    .ARM.Collect$$libinit$$00000011  c_w.l(libinit2.o)
    0x08000178   0x08000178   0x00000000   Code   RO         6392    .ARM.Collect$$libinit$$00000013  c_w.l(libinit2.o)
    0x08000178   0x08000178   0x00000000   Code   RO         6394    .ARM.Collect$$libinit$$00000015  c_w.l(libinit2.o)
    0x08000178   0x08000178   0x0000000a   Code   RO         6395    .ARM.Collect$$libinit$$00000016  c_w.l(libinit2.o)
    0x08000182   0x08000182   0x00000000   Code   RO         6396    .ARM.Collect$$libinit$$00000017  c_w.l(libinit2.o)
    0x08000182   0x08000182   0x00000000   Code   RO         6398    .ARM.Collect$$libinit$$00000019  c_w.l(libinit2.o)
    0x08000182   0x08000182   0x00000000   Code   RO         6400    .ARM.Collect$$libinit$$0000001B  c_w.l(libinit2.o)
    0x08000182   0x08000182   0x00000000   Code   RO         6402    .ARM.Collect$$libinit$$0000001D  c_w.l(libinit2.o)
    0x08000182   0x08000182   0x00000000   Code   RO         6404    .ARM.Collect$$libinit$$0000001F  c_w.l(libinit2.o)
    0x08000182   0x08000182   0x00000000   Code   RO         6406    .ARM.Collect$$libinit$$00000021  c_w.l(libinit2.o)
    0x08000182   0x08000182   0x00000000   Code   RO         6408    .ARM.Collect$$libinit$$00000023  c_w.l(libinit2.o)
    0x08000182   0x08000182   0x00000000   Code   RO         6410    .ARM.Collect$$libinit$$00000025  c_w.l(libinit2.o)
    0x08000182   0x08000182   0x00000000   Code   RO         6414    .ARM.Collect$$libinit$$0000002C  c_w.l(libinit2.o)
    0x08000182   0x08000182   0x00000000   Code   RO         6416    .ARM.Collect$$libinit$$0000002E  c_w.l(libinit2.o)
    0x08000182   0x08000182   0x00000000   Code   RO         6418    .ARM.Collect$$libinit$$00000030  c_w.l(libinit2.o)
    0x08000182   0x08000182   0x00000000   Code   RO         6420    .ARM.Collect$$libinit$$00000032  c_w.l(libinit2.o)
    0x08000182   0x08000182   0x00000002   Code   RO         6421    .ARM.Collect$$libinit$$00000033  c_w.l(libinit2.o)
    0x08000184   0x08000184   0x00000002   Code   RO         6453    .ARM.Collect$$libshutdown$$00000000  c_w.l(libshutdown.o)
    0x08000186   0x08000186   0x00000000   Code   RO         6464    .ARM.Collect$$libshutdown$$00000002  c_w.l(libshutdown2.o)
    0x08000186   0x08000186   0x00000000   Code   RO         6466    .ARM.Collect$$libshutdown$$00000004  c_w.l(libshutdown2.o)
    0x08000186   0x08000186   0x00000000   Code   RO         6469    .ARM.Collect$$libshutdown$$00000007  c_w.l(libshutdown2.o)
    0x08000186   0x08000186   0x00000000   Code   RO         6472    .ARM.Collect$$libshutdown$$0000000A  c_w.l(libshutdown2.o)
    0x08000186   0x08000186   0x00000000   Code   RO         6474    .ARM.Collect$$libshutdown$$0000000C  c_w.l(libshutdown2.o)
    0x08000186   0x08000186   0x00000000   Code   RO         6477    .ARM.Collect$$libshutdown$$0000000F  c_w.l(libshutdown2.o)
    0x08000186   0x08000186   0x00000002   Code   RO         6478    .ARM.Collect$$libshutdown$$00000010  c_w.l(libshutdown2.o)
    0x08000188   0x08000188   0x00000000   Code   RO         6281    .ARM.Collect$$rtentry$$00000000  c_w.l(__rtentry.o)
    0x08000188   0x08000188   0x00000000   Code   RO         6303    .ARM.Collect$$rtentry$$00000002  c_w.l(__rtentry2.o)
    0x08000188   0x08000188   0x00000006   Code   RO         6315    .ARM.Collect$$rtentry$$00000004  c_w.l(__rtentry4.o)
    0x0800018e   0x0800018e   0x00000000   Code   RO         6305    .ARM.Collect$$rtentry$$00000009  c_w.l(__rtentry2.o)
    0x0800018e   0x0800018e   0x00000004   Code   RO         6306    .ARM.Collect$$rtentry$$0000000A  c_w.l(__rtentry2.o)
    0x08000192   0x08000192   0x00000000   Code   RO         6308    .ARM.Collect$$rtentry$$0000000C  c_w.l(__rtentry2.o)
    0x08000192   0x08000192   0x00000008   Code   RO         6309    .ARM.Collect$$rtentry$$0000000D  c_w.l(__rtentry2.o)
    0x0800019a   0x0800019a   0x00000002   Code   RO         6424    .ARM.Collect$$rtexit$$00000000  c_w.l(rtexit.o)
    0x0800019c   0x0800019c   0x00000000   Code   RO         6431    .ARM.Collect$$rtexit$$00000002  c_w.l(rtexit2.o)
    0x0800019c   0x0800019c   0x00000004   Code   RO         6432    .ARM.Collect$$rtexit$$00000003  c_w.l(rtexit2.o)
    0x080001a0   0x080001a0   0x00000006   Code   RO         6433    .ARM.Collect$$rtexit$$00000004  c_w.l(rtexit2.o)
    0x080001a6   0x080001a6   0x00000002   PAD
    0x080001a8   0x080001a8   0x00000096   Code   RO         6131    .emb_text           port.o
    0x0800023e   0x0800023e   0x00000002   PAD
    0x08000240   0x08000240   0x00000040   Code   RO            4    .text               startup_stm32f103xb.o
    0x08000280   0x08000280   0x00000026   Code   RO         6210    .text               c_w.l(llushr.o)
    0x080002a6   0x080002a6   0x00000002   PAD
    0x080002a8   0x080002a8   0x00000028   Code   RO         6214    .text               c_w.l(noretval__2sprintf.o)
    0x080002d0   0x080002d0   0x0000004e   Code   RO         6218    .text               c_w.l(_printf_pad.o)
    0x0800031e   0x0800031e   0x00000002   PAD
    0x08000320   0x08000320   0x00000078   Code   RO         6220    .text               c_w.l(_printf_dec.o)
    0x08000398   0x08000398   0x00000160   Code   RO         6237    .text               c_w.l(__printf_ss_wp.o)
    0x080004f8   0x080004f8   0x0000003e   Code   RO         6245    .text               c_w.l(strlen.o)
    0x08000536   0x08000536   0x0000008a   Code   RO         6247    .text               c_w.l(rt_memcpy_v6.o)
    0x080005c0   0x080005c0   0x00000064   Code   RO         6249    .text               c_w.l(rt_memcpy_w.o)
    0x08000624   0x08000624   0x0000004e   Code   RO         6253    .text               c_w.l(rt_memclr_w.o)
    0x08000672   0x08000672   0x00000006   Code   RO         6255    .text               c_w.l(heapauxi.o)
    0x08000678   0x08000678   0x000000b2   Code   RO         6282    .text               c_w.l(_printf_intcommon.o)
    0x0800072a   0x0800072a   0x0000041e   Code   RO         6284    .text               c_w.l(_printf_fp_dec.o)
    0x08000b48   0x08000b48   0x00000030   Code   RO         6286    .text               c_w.l(_printf_char_common.o)
    0x08000b78   0x08000b78   0x0000000a   Code   RO         6288    .text               c_w.l(_sputc.o)
    0x08000b82   0x08000b82   0x00000002   PAD
    0x08000b84   0x08000b84   0x00000008   Code   RO         6320    .text               c_w.l(rt_locale_intlibspace.o)
    0x08000b8c   0x08000b8c   0x0000008a   Code   RO         6322    .text               c_w.l(lludiv10.o)
    0x08000c16   0x08000c16   0x00000002   PAD
    0x08000c18   0x08000c18   0x00000080   Code   RO         6324    .text               c_w.l(_printf_fp_infnan.o)
    0x08000c98   0x08000c98   0x000000e4   Code   RO         6328    .text               c_w.l(bigflt0.o)
    0x08000d7c   0x08000d7c   0x00000008   Code   RO         6362    .text               c_w.l(libspace.o)
    0x08000d84   0x08000d84   0x0000004a   Code   RO         6365    .text               c_w.l(sys_stackheap_outer.o)
    0x08000dce   0x08000dce   0x00000012   Code   RO         6367    .text               c_w.l(exit.o)
    0x08000de0   0x08000de0   0x00000080   Code   RO         6369    .text               c_w.l(strcmpv7m.o)
    0x08000e60   0x08000e60   0x0000000c   Code   RO         6443    .text               c_w.l(sys_exit.o)
    0x08000e6c   0x08000e6c   0x00000002   Code   RO         6454    .text               c_w.l(use_no_semi.o)
    0x08000e6e   0x08000e6e   0x00000000   Code   RO         6456    .text               c_w.l(indicate_semi.o)
    0x08000e6e   0x08000e6e   0x0000003e   Code   RO         6331    CL$$btod_d2e        c_w.l(btod.o)
    0x08000eac   0x08000eac   0x00000046   Code   RO         6333    CL$$btod_d2e_denorm_low  c_w.l(btod.o)
    0x08000ef2   0x08000ef2   0x00000060   Code   RO         6332    CL$$btod_d2e_norm_op1  c_w.l(btod.o)
    0x08000f52   0x08000f52   0x00000338   Code   RO         6341    CL$$btod_div_common  c_w.l(btod.o)
    0x0800128a   0x0800128a   0x000000dc   Code   RO         6338    CL$$btod_e2e        c_w.l(btod.o)
    0x08001366   0x08001366   0x0000002a   Code   RO         6335    CL$$btod_ediv       c_w.l(btod.o)
    0x08001390   0x08001390   0x0000002a   Code   RO         6334    CL$$btod_emul       c_w.l(btod.o)
    0x080013ba   0x080013ba   0x00000244   Code   RO         6340    CL$$btod_mult_common  c_w.l(btod.o)
    0x080015fe   0x080015fe   0x00000002   Code   RO          915    i.BusFault_Handler  stm32f1xx_it.o
    0x08001600   0x08001600   0x000000a2   Code   RO          308    i.CLCD_I2C_Init     clcd_i2c.o
    0x080016a2   0x080016a2   0x00000044   Code   RO          310    i.CLCD_I2C_SetCursor  clcd_i2c.o
    0x080016e6   0x080016e6   0x00000006   Code   RO          311    i.CLCD_I2C_WriteChar  clcd_i2c.o
    0x080016ec   0x080016ec   0x00000018   Code   RO          312    i.CLCD_I2C_WriteString  clcd_i2c.o
    0x08001704   0x08001704   0x0000006a   Code   RO          313    i.CLCD_WriteI2C     clcd_i2c.o
    0x0800176e   0x0800176e   0x00000002   PAD
    0x08001770   0x08001770   0x0000004c   Code   RO          491    i.Convert_data      main.o
    0x080017bc   0x080017bc   0x00000020   Code   RO          389    i.DC_motor_Enable   dc_motor.o
    0x080017dc   0x080017dc   0x00000016   Code   RO          390    i.DC_motor_PWM      dc_motor.o
    0x080017f2   0x080017f2   0x00000002   PAD
    0x080017f4   0x080017f4   0x0000002c   Code   RO          391    i.DC_motor_Speed_Based_on_Temp  dc_motor.o
    0x08001820   0x08001820   0x0000001c   Code   RO           13    i.DESELECT          fatfs_sd.o
    0x0800183c   0x0800183c   0x00000002   Code   RO          916    i.DebugMon_Handler  stm32f1xx_it.o
    0x0800183e   0x0800183e   0x00000002   PAD
    0x08001840   0x08001840   0x00000050   Code   RO          429    i.Ds18b20_Init      ds18b20.o
    0x08001890   0x08001890   0x00000064   Code   RO          430    i.Ds18b20_NhietDo   ds18b20.o
    0x080018f4   0x080018f4   0x0000004c   Code   RO          432    i.Ds18b20_Read1Bit  ds18b20.o
    0x08001940   0x08001940   0x0000001c   Code   RO          433    i.Ds18b20_ReadData  ds18b20.o
    0x0800195c   0x0800195c   0x0000004c   Code   RO          434    i.Ds18b20_Write1Bit  ds18b20.o
    0x080019a8   0x080019a8   0x00000018   Code   RO          435    i.Ds18b20_WriteCommand  ds18b20.o
    0x080019c0   0x080019c0   0x00000020   Code   RO          492    i.Error_Handler     main.o
    0x080019e0   0x080019e0   0x00000006   Code   RO         4817    i.FATFS_LinkDriver  ff_gen_drv.o
    0x080019e6   0x080019e6   0x00000002   PAD
    0x080019e8   0x080019e8   0x00000040   Code   RO         4818    i.FATFS_LinkDriverEx  ff_gen_drv.o
    0x08001a28   0x08001a28   0x00000024   Code   RO          247    i.FLASH_ErasePage   flash.o
    0x08001a4c   0x08001a4c   0x00000024   Code   RO         2106    i.FLASH_MassErase   stm32f1xx_hal_flash_ex.o
    0x08001a70   0x08001a70   0x00000024   Code   RO         2111    i.FLASH_PageErase   stm32f1xx_hal_flash_ex.o
    0x08001a94   0x08001a94   0x0000001c   Code   RO         2003    i.FLASH_Program_HalfWord  stm32f1xx_hal_flash.o
    0x08001ab0   0x08001ab0   0x00000006   Code   RO          248    i.FLASH_Read1Byte   flash.o
    0x08001ab6   0x08001ab6   0x0000001a   Code   RO          249    i.FLASH_ReadWorld   flash.o
    0x08001ad0   0x08001ad0   0x0000005c   Code   RO         2004    i.FLASH_SetErrorCode  stm32f1xx_hal_flash.o
    0x08001b2c   0x08001b2c   0x00000054   Code   RO         2005    i.FLASH_WaitForLastOperation  stm32f1xx_hal_flash.o
    0x08001b80   0x08001b80   0x00000026   Code   RO          250    i.FLASH_WriteArray  flash.o
    0x08001ba6   0x08001ba6   0x0000001e   Code   RO          251    i.FLASH_WriteHalfWord  flash.o
    0x08001bc4   0x08001bc4   0x0000001e   Code   RO          252    i.FLASH_WriteWord   flash.o
    0x08001be2   0x08001be2   0x00000016   Code   RO          493    i.GPIO_Input        main.o
    0x08001bf8   0x08001bf8   0x00000018   Code   RO          494    i.GPIO_Output       main.o
    0x08001c10   0x08001c10   0x00000024   Code   RO         1295    i.HAL_Delay         stm32f1xx_hal.o
    0x08001c34   0x08001c34   0x000000a8   Code   RO         2112    i.HAL_FLASHEx_Erase  stm32f1xx_hal_flash_ex.o
    0x08001cdc   0x08001cdc   0x00000014   Code   RO         2009    i.HAL_FLASH_Lock    stm32f1xx_hal_flash.o
    0x08001cf0   0x08001cf0   0x00000080   Code   RO         2014    i.HAL_FLASH_Program  stm32f1xx_hal_flash.o
    0x08001d70   0x08001d70   0x00000028   Code   RO         2016    i.HAL_FLASH_Unlock  stm32f1xx_hal_flash.o
    0x08001d98   0x08001d98   0x000001e0   Code   RO         1603    i.HAL_GPIO_Init     stm32f1xx_hal_gpio.o
    0x08001f78   0x08001f78   0x0000000a   Code   RO         1605    i.HAL_GPIO_ReadPin  stm32f1xx_hal_gpio.o
    0x08001f82   0x08001f82   0x0000000a   Code   RO         1607    i.HAL_GPIO_WritePin  stm32f1xx_hal_gpio.o
    0x08001f8c   0x08001f8c   0x0000000c   Code   RO         1299    i.HAL_GetTick       stm32f1xx_hal.o
    0x08001f98   0x08001f98   0x00000188   Code   RO         2274    i.HAL_I2C_Init      stm32f1xx_hal_i2c.o
    0x08002120   0x08002120   0x0000012c   Code   RO         2287    i.HAL_I2C_Master_Transmit  stm32f1xx_hal_i2c.o
    0x0800224c   0x0800224c   0x0000005c   Code   RO          986    i.HAL_I2C_MspInit   stm32f1xx_hal_msp.o
    0x080022a8   0x080022a8   0x0000005a   Code   RO         2695    i.HAL_IWDG_Init     stm32f1xx_hal_iwdg.o
    0x08002302   0x08002302   0x0000000c   Code   RO         2696    i.HAL_IWDG_Refresh  stm32f1xx_hal_iwdg.o
    0x0800230e   0x0800230e   0x00000002   PAD
    0x08002310   0x08002310   0x00000010   Code   RO         1305    i.HAL_IncTick       stm32f1xx_hal.o
    0x08002320   0x08002320   0x00000024   Code   RO         1306    i.HAL_Init          stm32f1xx_hal.o
    0x08002344   0x08002344   0x0000008c   Code   RO         1075    i.HAL_InitTick      stm32f1xx_hal_timebase_tim.o
    0x080023d0   0x080023d0   0x00000048   Code   RO          987    i.HAL_MspInit       stm32f1xx_hal_msp.o
    0x08002418   0x08002418   0x0000001a   Code   RO         1763    i.HAL_NVIC_EnableIRQ  stm32f1xx_hal_cortex.o
    0x08002432   0x08002432   0x00000002   PAD
    0x08002434   0x08002434   0x00000040   Code   RO         1769    i.HAL_NVIC_SetPriority  stm32f1xx_hal_cortex.o
    0x08002474   0x08002474   0x00000024   Code   RO         1770    i.HAL_NVIC_SetPriorityGrouping  stm32f1xx_hal_cortex.o
    0x08002498   0x08002498   0x0000012c   Code   RO         1463    i.HAL_RCC_ClockConfig  stm32f1xx_hal_rcc.o
    0x080025c4   0x080025c4   0x00000040   Code   RO         1467    i.HAL_RCC_GetClockConfig  stm32f1xx_hal_rcc.o
    0x08002604   0x08002604   0x00000020   Code   RO         1470    i.HAL_RCC_GetPCLK1Freq  stm32f1xx_hal_rcc.o
    0x08002624   0x08002624   0x00000020   Code   RO         1471    i.HAL_RCC_GetPCLK2Freq  stm32f1xx_hal_rcc.o
    0x08002644   0x08002644   0x0000006c   Code   RO         1472    i.HAL_RCC_GetSysClockFreq  stm32f1xx_hal_rcc.o
    0x080026b0   0x080026b0   0x00000320   Code   RO         1475    i.HAL_RCC_OscConfig  stm32f1xx_hal_rcc.o
    0x080029d0   0x080029d0   0x000000b2   Code   RO         2736    i.HAL_SPI_Init      stm32f1xx_hal_spi.o
    0x08002a82   0x08002a82   0x00000002   PAD
    0x08002a84   0x08002a84   0x00000074   Code   RO          989    i.HAL_SPI_MspInit   stm32f1xx_hal_msp.o
    0x08002af8   0x08002af8   0x00000166   Code   RO         2744    i.HAL_SPI_Transmit  stm32f1xx_hal_spi.o
    0x08002c5e   0x08002c5e   0x000001e2   Code   RO         2745    i.HAL_SPI_TransmitReceive  stm32f1xx_hal_spi.o
    0x08002e40   0x08002e40   0x00000002   Code   RO         3753    i.HAL_TIMEx_BreakCallback  stm32f1xx_hal_tim_ex.o
    0x08002e42   0x08002e42   0x00000002   Code   RO         3754    i.HAL_TIMEx_CommutCallback  stm32f1xx_hal_tim_ex.o
    0x08002e44   0x08002e44   0x00000068   Code   RO         3772    i.HAL_TIMEx_MasterConfigSynchronization  stm32f1xx_hal_tim_ex.o
    0x08002eac   0x08002eac   0x0000005a   Code   RO         3049    i.HAL_TIM_Base_Init  stm32f1xx_hal_tim.o
    0x08002f06   0x08002f06   0x00000002   PAD
    0x08002f08   0x08002f08   0x00000050   Code   RO          991    i.HAL_TIM_Base_MspInit  stm32f1xx_hal_msp.o
    0x08002f58   0x08002f58   0x00000058   Code   RO         3054    i.HAL_TIM_Base_Start_IT  stm32f1xx_hal_tim.o
    0x08002fb0   0x08002fb0   0x000000d6   Code   RO         3058    i.HAL_TIM_ConfigClockSource  stm32f1xx_hal_tim.o
    0x08003086   0x08003086   0x00000002   Code   RO         3083    i.HAL_TIM_IC_CaptureCallback  stm32f1xx_hal_tim.o
    0x08003088   0x08003088   0x00000166   Code   RO         3097    i.HAL_TIM_IRQHandler  stm32f1xx_hal_tim.o
    0x080031ee   0x080031ee   0x00000002   PAD
    0x080031f0   0x080031f0   0x0000004c   Code   RO          992    i.HAL_TIM_MspPostInit  stm32f1xx_hal_msp.o
    0x0800323c   0x0800323c   0x00000002   Code   RO         3100    i.HAL_TIM_OC_DelayElapsedCallback  stm32f1xx_hal_tim.o
    0x0800323e   0x0800323e   0x000000c6   Code   RO         3121    i.HAL_TIM_PWM_ConfigChannel  stm32f1xx_hal_tim.o
    0x08003304   0x08003304   0x0000005a   Code   RO         3124    i.HAL_TIM_PWM_Init  stm32f1xx_hal_tim.o
    0x0800335e   0x0800335e   0x00000002   PAD
    0x08003360   0x08003360   0x00000028   Code   RO          994    i.HAL_TIM_PWM_MspInit  stm32f1xx_hal_msp.o
    0x08003388   0x08003388   0x00000002   Code   RO         3127    i.HAL_TIM_PWM_PulseFinishedCallback  stm32f1xx_hal_tim.o
    0x0800338a   0x0800338a   0x00000002   PAD
    0x0800338c   0x0800338c   0x0000009c   Code   RO         3129    i.HAL_TIM_PWM_Start  stm32f1xx_hal_tim.o
    0x08003428   0x08003428   0x00000034   Code   RO          495    i.HAL_TIM_PeriodElapsedCallback  main.o
    0x0800345c   0x0800345c   0x00000002   Code   RO         3140    i.HAL_TIM_TriggerCallback  stm32f1xx_hal_tim.o
    0x0800345e   0x0800345e   0x00000062   Code   RO         4049    i.HAL_UART_Init     stm32f1xx_hal_uart.o
    0x080034c0   0x080034c0   0x00000070   Code   RO          996    i.HAL_UART_MspInit  stm32f1xx_hal_msp.o
    0x08003530   0x08003530   0x000000b2   Code   RO         4057    i.HAL_UART_Transmit  stm32f1xx_hal_uart.o
    0x080035e2   0x080035e2   0x00000002   PAD
    0x080035e4   0x080035e4   0x00000010   Code   RO          917    i.HardFault_Handler  stm32f1xx_it.o
    0x080035f4   0x080035f4   0x0000002e   Code   RO         2316    i.I2C_IsAcknowledgeFailed  stm32f1xx_hal_i2c.o
    0x08003622   0x08003622   0x00000002   PAD
    0x08003624   0x08003624   0x0000009c   Code   RO         2320    i.I2C_MasterRequestWrite  stm32f1xx_hal_i2c.o
    0x080036c0   0x080036c0   0x0000004c   Code   RO         2331    i.I2C_WaitOnBTFFlagUntilTimeout  stm32f1xx_hal_i2c.o
    0x0800370c   0x0800370c   0x00000068   Code   RO         2332    i.I2C_WaitOnFlagUntilTimeout  stm32f1xx_hal_i2c.o
    0x08003774   0x08003774   0x00000096   Code   RO         2333    i.I2C_WaitOnMasterAddressFlagUntilTimeout  stm32f1xx_hal_i2c.o
    0x0800380a   0x0800380a   0x0000004c   Code   RO         2335    i.I2C_WaitOnTXEFlagUntilTimeout  stm32f1xx_hal_i2c.o
    0x08003856   0x08003856   0x00000002   PAD
    0x08003858   0x08003858   0x000000ac   Code   RO          496    i.LCD_Display       main.o
    0x08003904   0x08003904   0x0000001c   Code   RO         1204    i.MX_FATFS_Init     fatfs.o
    0x08003920   0x08003920   0x000000dc   Code   RO          497    i.MX_GPIO_Init      main.o
    0x080039fc   0x080039fc   0x0000003c   Code   RO          498    i.MX_I2C1_Init      main.o
    0x08003a38   0x08003a38   0x00000044   Code   RO          499    i.MX_SPI2_Init      main.o
    0x08003a7c   0x08003a7c   0x0000005c   Code   RO          500    i.MX_TIM2_Init      main.o
    0x08003ad8   0x08003ad8   0x00000074   Code   RO          501    i.MX_TIM3_Init      main.o
    0x08003b4c   0x08003b4c   0x00000064   Code   RO          502    i.MX_TIM4_Init      main.o
    0x08003bb0   0x08003bb0   0x00000002   Code   RO          918    i.MemManage_Handler  stm32f1xx_it.o
    0x08003bb2   0x08003bb2   0x00000002   Code   RO          919    i.NMI_Handler       stm32f1xx_it.o
    0x08003bb4   0x08003bb4   0x00000044   Code   RO          503    i.PWM_Speed         main.o
    0x08003bf8   0x08003bf8   0x00000070   Code   RO           14    i.SD_PowerOn        fatfs_sd.o
    0x08003c68   0x08003c68   0x00000020   Code   RO           15    i.SD_ReadyWait      fatfs_sd.o
    0x08003c88   0x08003c88   0x00000044   Code   RO           16    i.SD_RxDataBlock    fatfs_sd.o
    0x08003ccc   0x08003ccc   0x0000006e   Code   RO           17    i.SD_SendCmd        fatfs_sd.o
    0x08003d3a   0x08003d3a   0x00000002   PAD
    0x08003d3c   0x08003d3c   0x00000020   Code   RO          504    i.SD_Timer_Handler  main.o
    0x08003d5c   0x08003d5c   0x0000005a   Code   RO           18    i.SD_TxDataBlock    fatfs_sd.o
    0x08003db6   0x08003db6   0x00000002   PAD
    0x08003db8   0x08003db8   0x0000013c   Code   RO           19    i.SD_disk_initialize  fatfs_sd.o
    0x08003ef4   0x08003ef4   0x00000140   Code   RO           20    i.SD_disk_ioctl     fatfs_sd.o
    0x08004034   0x08004034   0x00000098   Code   RO           21    i.SD_disk_read      fatfs_sd.o
    0x080040cc   0x080040cc   0x00000010   Code   RO           22    i.SD_disk_status    fatfs_sd.o
    0x080040dc   0x080040dc   0x000000b8   Code   RO           23    i.SD_disk_write     fatfs_sd.o
    0x08004194   0x08004194   0x0000001c   Code   RO           24    i.SELECT            fatfs_sd.o
    0x080041b0   0x080041b0   0x00000020   Code   RO         2774    i.SPI_EndRxTxTransaction  stm32f1xx_hal_spi.o
    0x080041d0   0x080041d0   0x0000002c   Code   RO           25    i.SPI_RxByte        fatfs_sd.o
    0x080041fc   0x080041fc   0x0000001c   Code   RO           26    i.SPI_TxBuffer      fatfs_sd.o
    0x08004218   0x08004218   0x00000020   Code   RO           27    i.SPI_TxByte        fatfs_sd.o
    0x08004238   0x08004238   0x000000b8   Code   RO         2779    i.SPI_WaitFlagStateUntilTimeout  stm32f1xx_hal_spi.o
    0x080042f0   0x080042f0   0x00000088   Code   RO          505    i.Start_Check_Key_Task  main.o
    0x08004378   0x08004378   0x00000040   Code   RO          506    i.Start_DC_Motor_Task  main.o
    0x080043b8   0x080043b8   0x00000020   Code   RO          507    i.Start_Display_Task  main.o
    0x080043d8   0x080043d8   0x00000048   Code   RO          508    i.Start_Flash_Mail_Task  main.o
    0x08004420   0x08004420   0x00000030   Code   RO          509    i.Start_Flash_Msg_Task  main.o
    0x08004450   0x08004450   0x00000058   Code   RO          510    i.Start_Nhietdo_Task  main.o
    0x080044a8   0x080044a8   0x00000170   Code   RO          511    i.Start_SD_Card_Task  main.o
    0x08004618   0x08004618   0x0000002c   Code   RO         6132    i.SysTick_Handler   port.o
    0x08004644   0x08004644   0x00000060   Code   RO          512    i.SystemClock_Config  main.o
    0x080046a4   0x080046a4   0x00000002   Code   RO         4378    i.SystemInit        system_stm32f1xx.o
    0x080046a6   0x080046a6   0x00000002   PAD
    0x080046a8   0x080046a8   0x0000000c   Code   RO          920    i.TIM1_UP_IRQHandler  stm32f1xx_it.o
    0x080046b4   0x080046b4   0x0000000c   Code   RO          921    i.TIM4_IRQHandler   stm32f1xx_it.o
    0x080046c0   0x080046c0   0x0000006c   Code   RO         3142    i.TIM_Base_SetConfig  stm32f1xx_hal_tim.o
    0x0800472c   0x0800472c   0x0000001a   Code   RO         3143    i.TIM_CCxChannelCmd  stm32f1xx_hal_tim.o
    0x08004746   0x08004746   0x00000014   Code   RO         3153    i.TIM_ETR_SetConfig  stm32f1xx_hal_tim.o
    0x0800475a   0x0800475a   0x00000010   Code   RO         3154    i.TIM_ITRx_SetConfig  stm32f1xx_hal_tim.o
    0x0800476a   0x0800476a   0x00000002   PAD
    0x0800476c   0x0800476c   0x00000050   Code   RO         3155    i.TIM_OC1_SetConfig  stm32f1xx_hal_tim.o
    0x080047bc   0x080047bc   0x00000058   Code   RO         3156    i.TIM_OC2_SetConfig  stm32f1xx_hal_tim.o
    0x08004814   0x08004814   0x00000058   Code   RO         3157    i.TIM_OC3_SetConfig  stm32f1xx_hal_tim.o
    0x0800486c   0x0800486c   0x00000044   Code   RO         3158    i.TIM_OC4_SetConfig  stm32f1xx_hal_tim.o
    0x080048b0   0x080048b0   0x00000022   Code   RO         3160    i.TIM_TI1_ConfigInputStage  stm32f1xx_hal_tim.o
    0x080048d2   0x080048d2   0x00000024   Code   RO         3162    i.TIM_TI2_ConfigInputStage  stm32f1xx_hal_tim.o
    0x080048f6   0x080048f6   0x00000002   PAD
    0x080048f8   0x080048f8   0x000000a4   Code   RO          513    i.UART_Display      main.o
    0x0800499c   0x0800499c   0x000000b8   Code   RO         4075    i.UART_SetConfig    stm32f1xx_hal_uart.o
    0x08004a54   0x08004a54   0x00000064   Code   RO         4078    i.UART_WaitOnFlagUntilTimeout  stm32f1xx_hal_uart.o
    0x08004ab8   0x08004ab8   0x00000004   Code   RO         1114    i.USER_initialize   user_diskio.o
    0x08004abc   0x08004abc   0x00000004   Code   RO         1115    i.USER_ioctl        user_diskio.o
    0x08004ac0   0x08004ac0   0x00000004   Code   RO         1116    i.USER_read         user_diskio.o
    0x08004ac4   0x08004ac4   0x00000004   Code   RO         1117    i.USER_status       user_diskio.o
    0x08004ac8   0x08004ac8   0x00000004   Code   RO         1118    i.USER_write        user_diskio.o
    0x08004acc   0x08004acc   0x00000002   Code   RO          922    i.UsageFault_Handler  stm32f1xx_it.o
    0x08004ace   0x08004ace   0x00000028   Code   RO         6360    i.__ARM_fpclassify  m_ws.l(fpclassify.o)
    0x08004af6   0x08004af6   0x00000020   Code   RO         1776    i.__NVIC_SetPriority  stm32f1xx_hal_cortex.o
    0x08004b16   0x08004b16   0x0000000e   Code   RO         6232    i._is_digit         c_w.l(__printf_wp.o)
    0x08004b24   0x08004b24   0x00000018   Code   RO          514    i.bufclear          main.o
    0x08004b3c   0x08004b3c   0x00000012   Code   RO          515    i.bufsize           main.o
    0x08004b4e   0x08004b4e   0x00000002   PAD
    0x08004b50   0x08004b50   0x00000060   Code   RO         4470    i.check_fs          ff.o
    0x08004bb0   0x08004bb0   0x00000010   Code   RO         4471    i.chk_chr           ff.o
    0x08004bc0   0x08004bc0   0x00000068   Code   RO         4472    i.chk_lock          ff.o
    0x08004c28   0x08004c28   0x00000024   Code   RO         4473    i.clear_lock        ff.o
    0x08004c4c   0x08004c4c   0x0000002e   Code   RO         4474    i.clmt_clust        ff.o
    0x08004c7a   0x08004c7a   0x0000001c   Code   RO         4475    i.clust2sect        ff.o
    0x08004c96   0x08004c96   0x000000a4   Code   RO         4476    i.create_chain      ff.o
    0x08004d3a   0x08004d3a   0x00000002   PAD
    0x08004d3c   0x08004d3c   0x00000204   Code   RO         4477    i.create_name       ff.o
    0x08004f40   0x08004f40   0x0000003c   Code   RO         4478    i.dec_lock          ff.o
    0x08004f7c   0x08004f7c   0x00000024   Code   RO          516    i.delay_us          main.o
    0x08004fa0   0x08004fa0   0x00000140   Code   RO         4479    i.dir_find          ff.o
    0x080050e0   0x080050e0   0x0000011c   Code   RO         4480    i.dir_next          ff.o
    0x080051fc   0x080051fc   0x000001c0   Code   RO         4482    i.dir_register      ff.o
    0x080053bc   0x080053bc   0x0000009a   Code   RO         4484    i.dir_sdi           ff.o
    0x08005456   0x08005456   0x00000002   PAD
    0x08005458   0x08005458   0x00000028   Code   RO         4415    i.disk_initialize   diskio.o
    0x08005480   0x08005480   0x0000001c   Code   RO         4416    i.disk_ioctl        diskio.o
    0x0800549c   0x0800549c   0x0000001c   Code   RO         4417    i.disk_read         diskio.o
    0x080054b8   0x080054b8   0x00000018   Code   RO         4418    i.disk_status       diskio.o
    0x080054d0   0x080054d0   0x0000001c   Code   RO         4419    i.disk_write        diskio.o
    0x080054ec   0x080054ec   0x00000034   Code   RO         4486    i.f_close           ff.o
    0x08005520   0x08005520   0x00000284   Code   RO         4490    i.f_lseek           ff.o
    0x080057a4   0x080057a4   0x00000088   Code   RO         4493    i.f_mount           ff.o
    0x0800582c   0x0800582c   0x00000200   Code   RO         4494    i.f_open            ff.o
    0x08005a2c   0x08005a2c   0x000000b4   Code   RO         4503    i.f_sync            ff.o
    0x08005ae0   0x08005ae0   0x000001fe   Code   RO         4507    i.f_write           ff.o
    0x08005cde   0x08005cde   0x00000002   PAD
    0x08005ce0   0x08005ce0   0x00000038   Code   RO         4930    i.ff_convert        ccsbcs.o
    0x08005d18   0x08005d18   0x0000001c   Code   RO         4867    i.ff_cre_syncobj    syscall.o
    0x08005d34   0x08005d34   0x0000000a   Code   RO         4868    i.ff_del_syncobj    syscall.o
    0x08005d3e   0x08005d3e   0x00000004   Code   RO         4869    i.ff_rel_grant      syscall.o
    0x08005d42   0x08005d42   0x00000014   Code   RO         4870    i.ff_req_grant      syscall.o
    0x08005d56   0x08005d56   0x00000002   PAD
    0x08005d58   0x08005d58   0x00000024   Code   RO         4931    i.ff_wtoupper       ccsbcs.o
    0x08005d7c   0x08005d7c   0x00000278   Code   RO         4508    i.find_volume       ff.o
    0x08005ff4   0x08005ff4   0x0000006a   Code   RO         4509    i.follow_path       ff.o
    0x0800605e   0x0800605e   0x00000002   PAD
    0x08006060   0x08006060   0x00000080   Code   RO         4510    i.gen_numname       ff.o
    0x080060e0   0x080060e0   0x000000e6   Code   RO         4511    i.get_fat           ff.o
    0x080061c6   0x080061c6   0x00000004   Code   RO         1205    i.get_fattime       fatfs.o
    0x080061ca   0x080061ca   0x0000003c   Code   RO         4513    i.get_ldnumber      ff.o
    0x08006206   0x08006206   0x0000000c   Code   RO         5701    i.inHandlerMode     cmsis_os.o
    0x08006212   0x08006212   0x00000002   PAD
    0x08006214   0x08006214   0x00000098   Code   RO         4514    i.inc_lock          ff.o
    0x080062ac   0x080062ac   0x00000074   Code   RO          217    i.keypad_read       keypad.o
    0x08006320   0x08006320   0x00000016   Code   RO         4515    i.ld_clust          ff.o
    0x08006336   0x08006336   0x0000000a   Code   RO         4516    i.lock_fs           ff.o
    0x08006340   0x08006340   0x000002a0   Code   RO          517    i.main              main.o
    0x080065e0   0x080065e0   0x0000000c   Code   RO         5703    i.makeFreeRtosPriority  cmsis_os.o
    0x080065ec   0x080065ec   0x00000012   Code   RO         4517    i.mem_cpy           ff.o
    0x080065fe   0x080065fe   0x0000000e   Code   RO         4518    i.mem_set           ff.o
    0x0800660c   0x0800660c   0x00000038   Code   RO         4519    i.move_window       ff.o
    0x08006644   0x08006644   0x0000000e   Code   RO         5705    i.osDelay           cmsis_os.o
    0x08006652   0x08006652   0x0000000a   Code   RO         5708    i.osKernelStart     cmsis_os.o
    0x0800665c   0x0800665c   0x0000000c   Code   RO         5710    i.osMailAlloc       cmsis_os.o
    0x08006668   0x08006668   0x0000005c   Code   RO         5712    i.osMailCreate      cmsis_os.o
    0x080066c4   0x080066c4   0x00000090   Code   RO         5714    i.osMailGet         cmsis_os.o
    0x08006754   0x08006754   0x0000005c   Code   RO         5715    i.osMailPut         cmsis_os.o
    0x080067b0   0x080067b0   0x00000026   Code   RO         5717    i.osMessageCreate   cmsis_os.o
    0x080067d6   0x080067d6   0x00000002   PAD
    0x080067d8   0x080067d8   0x00000094   Code   RO         5719    i.osMessageGet      cmsis_os.o
    0x0800686c   0x0800686c   0x0000005c   Code   RO         5721    i.osMessagePut      cmsis_os.o
    0x080068c8   0x080068c8   0x0000006a   Code   RO         5727    i.osPoolAlloc       cmsis_os.o
    0x08006932   0x08006932   0x0000005e   Code   RO         5729    i.osPoolCreate      cmsis_os.o
    0x08006990   0x08006990   0x0000003e   Code   RO         5734    i.osSemaphoreCreate  cmsis_os.o
    0x080069ce   0x080069ce   0x00000018   Code   RO         5735    i.osSemaphoreDelete  cmsis_os.o
    0x080069e6   0x080069e6   0x00000002   PAD
    0x080069e8   0x080069e8   0x00000050   Code   RO         5737    i.osSemaphoreRelease  cmsis_os.o
    0x08006a38   0x08006a38   0x00000064   Code   RO         5738    i.osSemaphoreWait   cmsis_os.o
    0x08006a9c   0x08006a9c   0x00000054   Code   RO         5742    i.osThreadCreate    cmsis_os.o
    0x08006af0   0x08006af0   0x00000070   Code   RO         5400    i.prvAddCurrentTaskToDelayedList  tasks.o
    0x08006b60   0x08006b60   0x000000d0   Code   RO         5401    i.prvAddNewTaskToReadyList  tasks.o
    0x08006c30   0x08006c30   0x00000026   Code   RO         5094    i.prvCopyDataFromQueue  queue.o
    0x08006c56   0x08006c56   0x0000006c   Code   RO         5095    i.prvCopyDataToQueue  queue.o
    0x08006cc2   0x08006cc2   0x00000034   Code   RO         5402    i.prvDeleteTCB      tasks.o
    0x08006cf6   0x08006cf6   0x00000002   PAD
    0x08006cf8   0x08006cf8   0x0000004c   Code   RO         6070    i.prvHeapInit       heap_4.o
    0x08006d44   0x08006d44   0x00000060   Code   RO         5403    i.prvIdleTask       tasks.o
    0x08006da4   0x08006da4   0x00000016   Code   RO         5097    i.prvInitialiseNewQueue  queue.o
    0x08006dba   0x08006dba   0x0000008e   Code   RO         5404    i.prvInitialiseNewTask  tasks.o
    0x08006e48   0x08006e48   0x0000004c   Code   RO         6071    i.prvInsertBlockIntoFreeList  heap_4.o
    0x08006e94   0x08006e94   0x0000001c   Code   RO         5098    i.prvIsQueueEmpty   queue.o
    0x08006eb0   0x08006eb0   0x00000020   Code   RO         5405    i.prvResetNextTaskUnblockTime  tasks.o
    0x08006ed0   0x08006ed0   0x00000028   Code   RO         6133    i.prvTaskExitError  port.o
    0x08006ef8   0x08006ef8   0x0000006a   Code   RO         5099    i.prvUnlockQueue    queue.o
    0x08006f62   0x08006f62   0x0000011e   Code   RO         4520    i.put_fat           ff.o
    0x08007080   0x08007080   0x000000d8   Code   RO         6072    i.pvPortMalloc      heap_4.o
    0x08007158   0x08007158   0x00000018   Code   RO         5407    i.pvTaskIncrementMutexHeldCount  tasks.o
    0x08007170   0x08007170   0x00000024   Code   RO         6134    i.pxPortInitialiseStack  port.o
    0x08007194   0x08007194   0x00000066   Code   RO         4522    i.remove_chain      ff.o
    0x080071fa   0x080071fa   0x00000002   PAD
    0x080071fc   0x080071fc   0x00000020   Code   RO          518    i.send_uart         main.o
    0x0800721c   0x0800721c   0x00000010   Code   RO         4523    i.st_clust          ff.o
    0x0800722c   0x0800722c   0x0000001a   Code   RO         4524    i.sum_sfn           ff.o
    0x08007246   0x08007246   0x000000a8   Code   RO         4525    i.sync_fs           ff.o
    0x080072ee   0x080072ee   0x00000052   Code   RO         4526    i.sync_window       ff.o
    0x08007340   0x08007340   0x00000020   Code   RO         4527    i.unlock_fs         ff.o
    0x08007360   0x08007360   0x00000026   Code   RO         5057    i.uxListRemove      list.o
    0x08007386   0x08007386   0x00000002   PAD
    0x08007388   0x08007388   0x00000014   Code   RO          857    i.vApplicationGetIdleTaskMemory  freertos.o
    0x0800739c   0x0800739c   0x00000016   Code   RO         5058    i.vListInitialise   list.o
    0x080073b2   0x080073b2   0x00000006   Code   RO         5059    i.vListInitialiseItem  list.o
    0x080073b8   0x080073b8   0x00000030   Code   RO         5060    i.vListInsert       list.o
    0x080073e8   0x080073e8   0x00000018   Code   RO         5061    i.vListInsertEnd    list.o
    0x08007400   0x08007400   0x00000040   Code   RO         6136    i.vPortEnterCritical  port.o
    0x08007440   0x08007440   0x00000028   Code   RO         6137    i.vPortExitCritical  port.o
    0x08007468   0x08007468   0x0000005c   Code   RO         6073    i.vPortFree         heap_4.o
    0x080074c4   0x080074c4   0x00000024   Code   RO         6138    i.vPortSetupTimerInterrupt  port.o
    0x080074e8   0x080074e8   0x00000054   Code   RO         6139    i.vPortValidateInterruptPriority  port.o
    0x0800753c   0x0800753c   0x0000002e   Code   RO         5104    i.vQueueDelete      queue.o
    0x0800756a   0x0800756a   0x00000002   PAD
    0x0800756c   0x0800756c   0x00000028   Code   RO         5105    i.vQueueUnregisterQueue  queue.o
    0x08007594   0x08007594   0x0000004c   Code   RO         5413    i.vTaskDelay        tasks.o
    0x080075e0   0x080075e0   0x00000010   Code   RO         5416    i.vTaskInternalSetTimeOutState  tasks.o
    0x080075f0   0x080075f0   0x0000000c   Code   RO         5417    i.vTaskMissedYield  tasks.o
    0x080075fc   0x080075fc   0x00000030   Code   RO         5419    i.vTaskPlaceOnEventList  tasks.o
    0x0800762c   0x0800762c   0x000000a8   Code   RO         5421    i.vTaskPriorityDisinheritAfterTimeout  tasks.o
    0x080076d4   0x080076d4   0x0000006c   Code   RO         5426    i.vTaskStartScheduler  tasks.o
    0x08007740   0x08007740   0x00000010   Code   RO         5428    i.vTaskSuspendAll   tasks.o
    0x08007750   0x08007750   0x0000005c   Code   RO         5429    i.vTaskSwitchContext  tasks.o
    0x080077ac   0x080077ac   0x0000003a   Code   RO         4528    i.validate          ff.o
    0x080077e6   0x080077e6   0x00000002   PAD
    0x080077e8   0x080077e8   0x000000a8   Code   RO         6140    i.xPortStartScheduler  port.o
    0x08007890   0x08007890   0x00000048   Code   RO         5108    i.xQueueGenericCreate  queue.o
    0x080078d8   0x080078d8   0x00000066   Code   RO         5109    i.xQueueGenericCreateStatic  queue.o
    0x0800793e   0x0800793e   0x00000002   PAD
    0x08007940   0x08007940   0x00000088   Code   RO         5110    i.xQueueGenericReset  queue.o
    0x080079c8   0x080079c8   0x00000160   Code   RO         5111    i.xQueueGenericSend  queue.o
    0x08007b28   0x08007b28   0x000000bc   Code   RO         5112    i.xQueueGenericSendFromISR  queue.o
    0x08007be4   0x08007be4   0x0000009c   Code   RO         5113    i.xQueueGiveFromISR  queue.o
    0x08007c80   0x08007c80   0x00000138   Code   RO         5118    i.xQueueReceive     queue.o
    0x08007db8   0x08007db8   0x0000009a   Code   RO         5119    i.xQueueReceiveFromISR  queue.o
    0x08007e52   0x08007e52   0x00000002   PAD
    0x08007e54   0x08007e54   0x00000178   Code   RO         5120    i.xQueueSemaphoreTake  queue.o
    0x08007fcc   0x08007fcc   0x00000074   Code   RO         5430    i.xTaskCheckForTimeOut  tasks.o
    0x08008040   0x08008040   0x0000005a   Code   RO         5431    i.xTaskCreate       tasks.o
    0x0800809a   0x0800809a   0x00000056   Code   RO         5432    i.xTaskCreateStatic  tasks.o
    0x080080f0   0x080080f0   0x0000001c   Code   RO         5436    i.xTaskGetSchedulerState  tasks.o
    0x0800810c   0x0800810c   0x000000c8   Code   RO         5439    i.xTaskIncrementTick  tasks.o
    0x080081d4   0x080081d4   0x00000098   Code   RO         5442    i.xTaskPriorityDisinherit  tasks.o
    0x0800826c   0x0800826c   0x00000094   Code   RO         5443    i.xTaskPriorityInherit  tasks.o
    0x08008300   0x08008300   0x00000074   Code   RO         5444    i.xTaskRemoveFromEventList  tasks.o
    0x08008374   0x08008374   0x000000c4   Code   RO         5445    i.xTaskResumeAll    tasks.o
    0x08008438   0x08008438   0x0000002c   Code   RO         6354    locale$$code        c_w.l(lc_numeric_c.o)
    0x08008464   0x08008464   0x0000000c   Code   RO         6293    x$fpl$dretinf       fz_ws.l(dretinf.o)
    0x08008470   0x08008470   0x00000056   Code   RO         6259    x$fpl$f2d           fz_ws.l(f2d.o)
    0x080084c6   0x080084c6   0x00000002   PAD
    0x080084c8   0x080084c8   0x000000c4   Code   RO         6261    x$fpl$fadd          fz_ws.l(faddsub_clz.o)
    0x0800858c   0x0800858c   0x0000000c   Code   RO         6295    x$fpl$fcheck1       fz_ws.l(fcheck1.o)
    0x08008598   0x08008598   0x0000003e   Code   RO         6267    x$fpl$ffixu         fz_ws.l(ffixu.o)
    0x080085d6   0x080085d6   0x00000002   PAD
    0x080085d8   0x080085d8   0x00000026   Code   RO         6271    x$fpl$ffltu         fz_ws.l(fflt_clz.o)
    0x080085fe   0x080085fe   0x0000008c   Code   RO         6297    x$fpl$fnaninf       fz_ws.l(fnaninf.o)
    0x0800868a   0x0800868a   0x0000000a   Code   RO         6299    x$fpl$fretinf       fz_ws.l(fretinf.o)
    0x08008694   0x08008694   0x000000ea   Code   RO         6263    x$fpl$fsub          fz_ws.l(faddsub_clz.o)
    0x0800877e   0x0800877e   0x00000004   Code   RO         6277    x$fpl$printf1       fz_ws.l(printf1.o)
    0x08008782   0x08008782   0x00000064   Code   RO         6358    x$fpl$retnan        fz_ws.l(retnan.o)
    0x080087e6   0x080087e6   0x0000004c   Code   RO         6279    x$fpl$scalbnf       fz_ws.l(scalbnf.o)
    0x08008832   0x08008832   0x00000030   Code   RO         6422    x$fpl$trapveneer    fz_ws.l(trapv.o)
    0x08008862   0x08008862   0x00000000   Code   RO         6301    x$fpl$usenofp       fz_ws.l(usenofp.o)
    0x08008862   0x08008862   0x00000002   PAD
    0x08008864   0x08008864   0x000000e0   Data   RO          520    .constdata          main.o
    0x08008944   0x08008944   0x00000010   Data   RO         4379    .constdata          system_stm32f1xx.o
    0x08008954   0x08008954   0x00000008   Data   RO         4380    .constdata          system_stm32f1xx.o
    0x0800895c   0x0800895c   0x000000ba   Data   RO         4530    .constdata          ff.o
    0x08008a16   0x08008a16   0x000004c0   Data   RO         4932    .constdata          ccsbcs.o
    0x08008ed6   0x08008ed6   0x00000002   PAD
    0x08008ed8   0x08008ed8   0x00000094   Data   RO         6329    .constdata          c_w.l(bigflt0.o)
    0x08008f6c   0x08008f6c   0x0000007c   Data   RO          521    .conststring        main.o
    0x08008fe8   0x08008fe8   0x00000020   Data   RO         6503    Region$$Table       anon$$obj.o
    0x08009008   0x08009008   0x0000001c   Data   RO         6353    locale$$data        c_w.l(lc_numeric_c.o)


    Execution Region RW_IRAM1 (Exec base: 0x20000000, Load base: 0x08009024, Size: 0x000049b0, Max: 0x00005000, ABSOLUTE)

    Exec Addr    Load Addr    Size         Type   Attr      Idx    E Section Name        Object

    0x20000000   0x08009024   0x00000003   Data   RW           28    .data               fatfs_sd.o
    0x20000003   0x08009027   0x00000001   PAD
    0x20000004   0x08009028   0x00000004   Data   RW          522    .data               main.o
    0x20000008   0x0800902c   0x00000004   Data   RW          523    .data               main.o
    0x2000000c   0x08009030   0x00000058   Data   RW          524    .data               main.o
    0x20000064   0x08009088   0x00000014   Data   RW         1119    .data               user_diskio.o
    0x20000078   0x0800909c   0x00000005   Data   RW         1208    .data               fatfs.o
    0x2000007d   0x080090a1   0x00000003   PAD
    0x20000080   0x080090a4   0x0000000c   Data   RW         1313    .data               stm32f1xx_hal.o
    0x2000008c   0x080090b0   0x00000004   Data   RW         4381    .data               system_stm32f1xx.o
    0x20000090   0x080090b4   0x00000008   Data   RW         4531    .data               ff.o
    0x20000098   0x080090bc   0x0000003c   Data   RW         5448    .data               tasks.o
    0x200000d4   0x080090f8   0x00000018   Data   RW         6078    .data               heap_4.o
    0x200000ec   0x08009110   0x0000000c   Data   RW         6141    .data               port.o
    0x200000f8        -       0x00002640   Zero   RW          519    .bss                main.o
    0x20002738        -       0x00000254   Zero   RW          858    .bss                freertos.o
    0x2000298c        -       0x00000048   Zero   RW         1078    .bss                stm32f1xx_hal_timebase_tim.o
    0x200029d4   0x0800911c   0x00000004   PAD
    0x200029d8        -       0x00000020   Zero   RW         2017    .bss                stm32f1xx_hal_flash.o
    0x200029f8        -       0x00000018   Zero   RW         4529    .bss                ff.o
    0x20002a10        -       0x0000000c   Zero   RW         4821    .bss                ff_gen_drv.o
    0x20002a1c        -       0x00000040   Zero   RW         5121    .bss                queue.o
    0x20002a5c        -       0x000000f0   Zero   RW         5447    .bss                tasks.o
    0x20002b4c        -       0x00001800   Zero   RW         6077    .bss                heap_4.o
    0x2000434c        -       0x00000060   Zero   RW         6363    .bss                c_w.l(libspace.o)
    0x200043ac   0x0800911c   0x00000004   PAD
    0x200043b0        -       0x00000200   Zero   RW            2    HEAP                startup_stm32f103xb.o
    0x200045b0        -       0x00000400   Zero   RW            1    STACK               startup_stm32f103xb.o


==============================================================================

Image component sizes


      Code (inc. data)   RO Data    RW Data    ZI Data      Debug   Object Name

        92         12       1216          0          0       1907   ccsbcs.o
       366          0          0          0          0       4877   clcd_i2c.o
      1216         28          0          0          0      36560   cmsis_os.o
        98         16          0          0          0       1488   dc_motor.o
       148         22          0          0          0       3477   diskio.o
       384         14          0          0          0       3584   ds18b20.o
         0          0          0          0          0      16644   event_groups.o
        32         10          0          5          0       8800   fatfs.o
      1560         72          0          3          0     460459   fatfs_sd.o
      6504         88        186          8         24      38768   ff.o
        70          4          0          0         12       1527   ff_gen_drv.o
       166          0          0          0          0       3711   flash.o
        20          4          0          0        596      20036   freertos.o
       460         24          0         24       6144       7107   heap_4.o
       116          4          0          0          0        594   keypad.o
       138          0          0          0          0       3286   list.o
      2984        624        348         96       9792     484413   main.o
       662         70          0         12          0      10953   port.o
      2236         22          0          0         64      19443   queue.o
        64         26        236          0       1536        792   startup_stm32f103xb.o
       100         18          0         12          0       5122   stm32f1xx_hal.o
       158         14          0          0          0      28090   stm32f1xx_hal_cortex.o
       392         46          0          0         32       4586   stm32f1xx_hal_flash.o
       240         26          0          0          0       3173   stm32f1xx_hal_flash_ex.o
       500         34          0          0          0       3439   stm32f1xx_hal_gpio.o
      1300         32          0          0          0       8749   stm32f1xx_hal_i2c.o
       102          0          0          0          0       1779   stm32f1xx_hal_iwdg.o
       588         80          0          0          0       4656   stm32f1xx_hal_msp.o
      1336        110          0          0          0       5693   stm32f1xx_hal_rcc.o
      1234          4          0          0          0       6080   stm32f1xx_hal_spi.o
      1766         58          0          0          0      14952   stm32f1xx_hal_tim.o
       108         12          0          0          0       2297   stm32f1xx_hal_tim_ex.o
       140         22          0          0         72       1367   stm32f1xx_hal_timebase_tim.o
       560          6          0          0          0       3848   stm32f1xx_hal_uart.o
        50         20          0          0          0       3320   stm32f1xx_it.o
        62          0          0          0          0      17744   syscall.o
         2          0         24          4          0       1059   system_stm32f1xx.o
      2334        172          0         60        240      23567   tasks.o
        20          0          0         20          0      11768   user_diskio.o

    ----------------------------------------------------------------------
     28380       1694       2044        248      18516    1279715   Object Totals
         0          0         32          0          0          0   (incl. Generated)
        72          0          2          4          4          0   (incl. Padding)

    ----------------------------------------------------------------------

      Code (inc. data)   RO Data    RW Data    ZI Data      Debug   Library Member Name

         8          0          0          0          0         68   __main.o
       352          0          0          0          0         88   __printf_ss_wp.o
        14          0          0          0          0         68   __printf_wp.o
         0          0          0          0          0          0   __rtentry.o
        12          0          0          0          0          0   __rtentry2.o
         6          0          0          0          0          0   __rtentry4.o
        52          8          0          0          0          0   __scatter.o
        26          0          0          0          0          0   __scatter_copy.o
        28          0          0          0          0          0   __scatter_zi.o
        48          6          0          0          0         96   _printf_char_common.o
         6          0          0          0          0          0   _printf_d.o
       120         16          0          0          0         92   _printf_dec.o
         6          0          0          0          0          0   _printf_f.o
      1054          0          0          0          0        216   _printf_fp_dec.o
       128         16          0          0          0         84   _printf_fp_infnan.o
       178          0          0          0          0         88   _printf_intcommon.o
        78          0          0          0          0        108   _printf_pad.o
         0          0          0          0          0          0   _printf_percent.o
         4          0          0          0          0          0   _printf_percent_end.o
        10          0          0          0          0         68   _sputc.o
       228          4        148          0          0         96   bigflt0.o
      1936        128          0          0          0        672   btod.o
        18          0          0          0          0         80   exit.o
         6          0          0          0          0        152   heapauxi.o
         0          0          0          0          0          0   indicate_semi.o
        44         10         28          0          0         76   lc_numeric_c.o
         2          0          0          0          0          0   libinit.o
        18          0          0          0          0          0   libinit2.o
         2          0          0          0          0          0   libshutdown.o
         2          0          0          0          0          0   libshutdown2.o
         8          4          0          0         96         68   libspace.o
       138          0          0          0          0         80   lludiv10.o
        38          0          0          0          0         68   llushr.o
        40          6          0          0          0         84   noretval__2sprintf.o
         8          4          0          0          0         68   rt_locale_intlibspace.o
        78          0          0          0          0         80   rt_memclr_w.o
       138          0          0          0          0         68   rt_memcpy_v6.o
       100          0          0          0          0         80   rt_memcpy_w.o
         2          0          0          0          0          0   rtexit.o
        10          0          0          0          0          0   rtexit2.o
       128          0          0          0          0         68   strcmpv7m.o
        62          0          0          0          0         76   strlen.o
        12          4          0          0          0         68   sys_exit.o
        74          0          0          0          0         80   sys_stackheap_outer.o
         2          0          0          0          0         68   use_no_semi.o
        12          0          0          0          0         68   dretinf.o
        86          4          0          0          0         84   f2d.o
       430          8          0          0          0        168   faddsub_clz.o
        12          4          0          0          0         68   fcheck1.o
        62          4          0          0          0         84   ffixu.o
        38          0          0          0          0         68   fflt_clz.o
       140          4          0          0          0         84   fnaninf.o
        10          0          0          0          0         68   fretinf.o
         4          0          0          0          0         68   printf1.o
       100          0          0          0          0         68   retnan.o
        76          0          0          0          0         68   scalbnf.o
        48          0          0          0          0         68   trapv.o
         0          0          0          0          0          0   usenofp.o
        40          0          0          0          0         68   fpclassify.o

    ----------------------------------------------------------------------
      6300        230        176          0        100       4040   Library Totals
        18          0          0          0          4          0   (incl. Padding)

    ----------------------------------------------------------------------

      Code (inc. data)   RO Data    RW Data    ZI Data      Debug   Library Name

      5224        206        176          0         96       3008   c_w.l
      1018         24          0          0          0        964   fz_ws.l
        40          0          0          0          0         68   m_ws.l

    ----------------------------------------------------------------------
      6300        230        176          0        100       4040   Library Totals

    ----------------------------------------------------------------------

==============================================================================


      Code (inc. data)   RO Data    RW Data    ZI Data      Debug   

     34680       1924       2220        248      18616    1266851   Grand Totals
     34680       1924       2220        248      18616    1266851   ELF Image Totals
     34680       1924       2220        248          0          0   ROM Totals

==============================================================================

    Total RO  Size (Code + RO Data)                36900 (  36.04kB)
    Total RW  Size (RW Data + ZI Data)             18864 (  18.42kB)
    Total ROM Size (Code + RO Data + RW Data)      37148 (  36.28kB)

==============================================================================

